<?xml version="1.0"?>
<!DOCTYPE BlastOutput PUBLIC "-//NCBI//NCBI BlastOutput/EN" "http://www.ncbi.nlm.nih.gov/dtd/NCBI_BlastOutput.dtd">
<BlastOutput>
  <BlastOutput_program>blastp</BlastOutput_program>
  <BlastOutput_version>BLASTP 2.10.0+</BlastOutput_version>
  <BlastOutput_reference>Stephen F. Altschul, Thomas L. Madden, Alejandro A. Sch&amp;auml;ffer, Jinghui Zhang, Zheng Zhang, Webb Miller, and David J. Lipman (1997), &quot;Gapped BLAST and PSI-BLAST: a new generation of protein database search programs&quot;, Nucleic Acids Res. 25:3389-3402.</BlastOutput_reference>
  <BlastOutput_db>nr</BlastOutput_db>
  <BlastOutput_query-ID>Query_43275</BlastOutput_query-ID>
  <BlastOutput_query-def>unnamed protein product</BlastOutput_query-def>
  <BlastOutput_query-len>690</BlastOutput_query-len>
  <BlastOutput_param>
    <Parameters>
      <Parameters_matrix>BLOSUM62</Parameters_matrix>
      <Parameters_expect>0.0001</Parameters_expect>
      <Parameters_gap-open>11</Parameters_gap-open>
      <Parameters_gap-extend>1</Parameters_gap-extend>
      <Parameters_filter>F</Parameters_filter>
    </Parameters>
  </BlastOutput_param>
<BlastOutput_iterations>
<Iteration>
  <Iteration_iter-num>1</Iteration_iter-num>
  <Iteration_query-ID>Query_43275</Iteration_query-ID>
  <Iteration_query-def>unnamed protein product</Iteration_query-def>
  <Iteration_query-len>690</Iteration_query-len>
<Iteration_hits>
<Hit>
  <Hit_num>1</Hit_num>
  <Hit_id>ref|XP_002770667.1|</Hit_id>
  <Hit_def>DEHA2G19206p [Debaryomyces hansenii CBS767] >emb|CAR65999.1| DEHA2G19206p [Debaryomyces hansenii CBS767]</Hit_def>
  <Hit_accession>XP_002770667</Hit_accession>
  <Hit_len>1409</Hit_len>
  <Hit_hsps>
    <Hsp>
      <Hsp_num>1</Hsp_num>
      <Hsp_bit-score>159.458</Hsp_bit-score>
      <Hsp_score>402</Hsp_score>
      <Hsp_evalue>1.69373e-36</Hsp_evalue>
      <Hsp_query-from>550</Hsp_query-from>
      <Hsp_query-to>690</Hsp_query-to>
      <Hsp_hit-from>1269</Hsp_hit-from>
      <Hsp_hit-to>1409</Hsp_hit-to>
      <Hsp_query-frame>0</Hsp_query-frame>
      <Hsp_hit-frame>0</Hsp_hit-frame>
      <Hsp_identity>72</Hsp_identity>
      <Hsp_positive>97</Hsp_positive>
      <Hsp_gaps>0</Hsp_gaps>
      <Hsp_align-len>141</Hsp_align-len>
      <Hsp_qseq>AGITDLSGNFNALLEASTPERREDNPVISRAGKVPSENIDWVPISLSSLAETLHNFEDTANYLKTVATSENDLHNDYDSELTNFISAMPENEEYMTIQEWVKYSASNCGKLVKETCNDIIRVYELDYFRALNVLESLPTED</Hsp_qseq>
      <Hsp_hseq>SAIERFSGNFTNLLESSTPEKKKETLDPVPATTTPQVPLEWVPVSLSNLLDNLQNMEAASEYLNKSLNSKYDLHDDYDGELTNLISSMPEDEENMTIQEWVKHNATNCHKLAKQTCNEMIEVYRAEYLRAIKTLEQMPTSD</Hsp_hseq>
      <Hsp_midline>+ I   SGNF  LLE+STPE++++      A   P   ++WVP+SLS+L + L N E  + YL     S+ DLH+DYD ELTN IS+MPE+EE MTIQEWVK++A+NC KL K+TCN++I VY  +Y RA+  LE +PT D</Hsp_midline>
    </Hsp>
  </Hit_hsps>
</Hit>
<Hit>
  <Hit_num>2</Hit_num>
  <Hit_id>ref|XP_015469678.1|</Hit_id>
  <Hit_def>uncharacterized protein AC631_00715 [Debaryomyces fabryi] >gb|KSA03576.1| hypothetical protein AC631_00715 [Debaryomyces fabryi]</Hit_def>
  <Hit_accession>XP_015469678</Hit_accession>
  <Hit_len>1342</Hit_len>
  <Hit_hsps>
    <Hsp>
      <Hsp_num>1</Hsp_num>
      <Hsp_bit-score>150.984</Hsp_bit-score>
      <Hsp_score>380</Hsp_score>
      <Hsp_evalue>9.16982e-34</Hsp_evalue>
      <Hsp_query-from>539</Hsp_query-from>
      <Hsp_query-to>690</Hsp_query-to>
      <Hsp_hit-from>1187</Hsp_hit-from>
      <Hsp_hit-to>1342</Hsp_hit-to>
      <Hsp_query-frame>0</Hsp_query-frame>
      <Hsp_hit-frame>0</Hsp_hit-frame>
      <Hsp_identity>76</Hsp_identity>
      <Hsp_positive>101</Hsp_positive>
      <Hsp_gaps>6</Hsp_gaps>
      <Hsp_align-len>157</Hsp_align-len>
      <Hsp_qseq>IITTRKSKSPNA-----GITDLSGNFNALLEASTPERREDNPVISRAGKVPSENIDWVPISLSSLAETLHNFEDTANYLKTVATSENDLHNDYDSELTNFISAMPENEEYMTIQEWVKYSASNCGKLVKETCNDIIRVYELDYFRALNVLESLPTED</Hsp_qseq>
      <Hsp_hseq>MVKKRVSKSFQARTSLNAIDRFSGNFANLLESSTPEKKE-KPDLLHAPKELQGPLKWVPVSLSNLLDNLQNMEAASEYLNKSLNSKYDLHDDYDGELTNLISSMPEDEENMTIQEWVKHNATNCHKLAKQTCNEMIEAFRAESLRAIKTLEQMPTSD</Hsp_hseq>
      <Hsp_midline>++  R SKS  A      I   SGNF  LLE+STPE++E  P +  A K     + WVP+SLS+L + L N E  + YL     S+ DLH+DYD ELTN IS+MPE+EE MTIQEWVK++A+NC KL K+TCN++I  +  +  RA+  LE +PT D</Hsp_midline>
    </Hsp>
  </Hit_hsps>
</Hit>
<Hit>
  <Hit_num>3</Hit_num>
  <Hit_id>gb|EDK36987.2|</Hit_id>
  <Hit_def>hypothetical protein PGUG_01085 [Meyerozyma guilliermondii ATCC 6260]</Hit_def>
  <Hit_accession>EDK36987</Hit_accession>
  <Hit_len>1041</Hit_len>
  <Hit_hsps>
    <Hsp>
      <Hsp_num>1</Hsp_num>
      <Hsp_bit-score>136.346</Hsp_bit-score>
      <Hsp_score>342</Hsp_score>
      <Hsp_evalue>4.44033e-29</Hsp_evalue>
      <Hsp_query-from>543</Hsp_query-from>
      <Hsp_query-to>690</Hsp_query-to>
      <Hsp_hit-from>903</Hsp_hit-from>
      <Hsp_hit-to>1039</Hsp_hit-to>
      <Hsp_query-frame>0</Hsp_query-frame>
      <Hsp_hit-frame>0</Hsp_hit-frame>
      <Hsp_identity>69</Hsp_identity>
      <Hsp_positive>94</Hsp_positive>
      <Hsp_gaps>11</Hsp_gaps>
      <Hsp_align-len>148</Hsp_align-len>
      <Hsp_qseq>RKSKSPNAGITDLSGNFNALLEASTPERREDNPVISRAGKVPSENIDWVPISLSSLAETLHNFEDTANYLKTVATSENDLHNDYDSELTNFISAMPENEEYMTIQEWVKYSASNCGKLVKETCNDIIRVYELDYFRALNVLESLPTED</Hsp_qseq>
      <Hsp_hseq>QKSETLSEQIDRFSASFSNVLEASTPQK-----------KVAAGSQSWVSRPLSQLLEVIDKLEGASEYLTNIVSSEYDLHNDFDGRLTSFISSMPEEEEDMTIQEWVKHNASMCRKVAKETCNSLIETYREEFNRALRILESLPTSD</Hsp_hseq>
      <Hsp_midline>+KS++ +  I   S +F+ +LEASTP++           KV + +  WV   LS L E +   E  + YL  + +SE DLHND+D  LT+FIS+MPE EE MTIQEWVK++AS C K+ KETCN +I  Y  ++ RAL +LESLPT D</Hsp_midline>
    </Hsp>
  </Hit_hsps>
</Hit>
<Hit>
  <Hit_num>4</Hit_num>
  <Hit_id>gb|RLV86321.1|</Hit_id>
  <Hit_def>Protein bir1 [Meyerozyma sp. JA9]</Hit_def>
  <Hit_accession>RLV86321</Hit_accession>
  <Hit_len>1038</Hit_len>
  <Hit_hsps>
    <Hsp>
      <Hsp_num>1</Hsp_num>
      <Hsp_bit-score>135.191</Hsp_bit-score>
      <Hsp_score>339</Hsp_score>
      <Hsp_evalue>1.03547e-28</Hsp_evalue>
      <Hsp_query-from>552</Hsp_query-from>
      <Hsp_query-to>690</Hsp_query-to>
      <Hsp_hit-from>908</Hsp_hit-from>
      <Hsp_hit-to>1035</Hsp_hit-to>
      <Hsp_query-frame>0</Hsp_query-frame>
      <Hsp_hit-frame>0</Hsp_hit-frame>
      <Hsp_identity>66</Hsp_identity>
      <Hsp_positive>89</Hsp_positive>
      <Hsp_gaps>11</Hsp_gaps>
      <Hsp_align-len>139</Hsp_align-len>
      <Hsp_qseq>ITDLSGNFNALLEASTPERREDNPVISRAGKVPSENIDWVPISLSSLAETLHNFEDTANYLKTVATSENDLHNDYDSELTNFISAMPENEEYMTIQEWVKYSASNCGKLVKETCNDIIRVYELDYFRALNVLESLPTED</Hsp_qseq>
      <Hsp_hseq>IDQFSASFSNVLEASTPQKK------AAAG-----SQSWVSRPLSQLLEVIEKLEGASEYLTNIVSSEYDLHNDFDGRLTSFISSMPEEEEDMTVQEWVKHNASMCRKVAKETCNSLIETYREEFNRALRILESLPTSD</Hsp_hseq>
      <Hsp_midline>I   S +F+ +LEASTP+++      + AG     +  WV   LS L E +   E  + YL  + +SE DLHND+D  LT+FIS+MPE EE MT+QEWVK++AS C K+ KETCN +I  Y  ++ RAL +LESLPT D</Hsp_midline>
    </Hsp>
  </Hit_hsps>
</Hit>
<Hit>
  <Hit_num>5</Hit_num>
  <Hit_id>ref|XP_001487708.1|</Hit_id>
  <Hit_def>hypothetical protein PGUG_01085 [Meyerozyma guilliermondii ATCC 6260]</Hit_def>
  <Hit_accession>XP_001487708</Hit_accession>
  <Hit_len>1041</Hit_len>
  <Hit_hsps>
    <Hsp>
      <Hsp_num>1</Hsp_num>
      <Hsp_bit-score>133.65</Hsp_bit-score>
      <Hsp_score>335</Hsp_score>
      <Hsp_evalue>2.74574e-28</Hsp_evalue>
      <Hsp_query-from>552</Hsp_query-from>
      <Hsp_query-to>690</Hsp_query-to>
      <Hsp_hit-from>912</Hsp_hit-from>
      <Hsp_hit-to>1039</Hsp_hit-to>
      <Hsp_query-frame>0</Hsp_query-frame>
      <Hsp_hit-frame>0</Hsp_hit-frame>
      <Hsp_identity>67</Hsp_identity>
      <Hsp_positive>87</Hsp_positive>
      <Hsp_gaps>11</Hsp_gaps>
      <Hsp_align-len>139</Hsp_align-len>
      <Hsp_qseq>ITDLSGNFNALLEASTPERREDNPVISRAGKVPSENIDWVPISLSSLAETLHNFEDTANYLKTVATSENDLHNDYDSELTNFISAMPENEEYMTIQEWVKYSASNCGKLVKETCNDIIRVYELDYFRALNVLESLPTED</Hsp_qseq>
      <Hsp_hseq>IDRFSASFSNVLEASTPQK-----------KVAAGLQSWVSRPLSQLLEVIDKLEGASEYLTNIVSSEYDLHNDFDGRLTSFISSMPEEEEDMTIQEWVKHNASMCRKVAKETCNSLIETYREEFNRALRILESLPTSD</Hsp_hseq>
      <Hsp_midline>I   S +F+ +LEASTP++           KV +    WV   LS L E +   E  + YL  + +SE DLHND+D  LT+FIS+MPE EE MTIQEWVK++AS C K+ KETCN +I  Y  ++ RAL +LESLPT D</Hsp_midline>
    </Hsp>
  </Hit_hsps>
</Hit>
<Hit>
  <Hit_num>6</Hit_num>
  <Hit_id>emb|CCE79846.1|</Hit_id>
  <Hit_def>Piso0_002937 [Millerozyma farinosa CBS 7064] >emb|CCE80611.1| Piso0_002937 [Millerozyma farinosa CBS 7064]</Hit_def>
  <Hit_accession>CCE79846</Hit_accession>
  <Hit_len>1224</Hit_len>
  <Hit_hsps>
    <Hsp>
      <Hsp_num>1</Hsp_num>
      <Hsp_bit-score>107.842</Hsp_bit-score>
      <Hsp_score>268</Hsp_score>
      <Hsp_evalue>4.4234e-20</Hsp_evalue>
      <Hsp_query-from>552</Hsp_query-from>
      <Hsp_query-to>688</Hsp_query-to>
      <Hsp_hit-from>1060</Hsp_hit-from>
      <Hsp_hit-to>1222</Hsp_hit-to>
      <Hsp_query-frame>0</Hsp_query-frame>
      <Hsp_hit-frame>0</Hsp_hit-frame>
      <Hsp_identity>64</Hsp_identity>
      <Hsp_positive>91</Hsp_positive>
      <Hsp_gaps>30</Hsp_gaps>
      <Hsp_align-len>165</Hsp_align-len>
      <Hsp_qseq>ITDLSGNFNALLEASTPERR----------EDNPVISRAGKVPSENIDWVPIS-LSSLAET-----------------LHNFEDTANYLKTVATSENDLHNDYDSELTNFISAMPENEEYMTIQEWVKYSASNCGKLVKETCNDIIRVYELDYFRALNVLESLPT</Hsp_qseq>
      <Hsp_hseq>LRDLSASFQNLVESSTPEKHTLLGRDLQSHDTEPVPSSNAK-PSK-ISSVPVPEVSQVSKTSPSIFSKSSSLSGLLENLKNMEAASEYLSKSVNSPYDLHDDYDGELTNFISNMPEEEENMTIHQWIRHNAANCHKLASQTCQEMIDAYKEECQKAIEFLEQLPT</Hsp_hseq>
      <Hsp_midline>+ DLS +F  L+E+STPE+           +  PV S   K PS+ I  VP+  +S +++T                 L N E  + YL     S  DLH+DYD ELTNFIS MPE EE MTI +W++++A+NC KL  +TC ++I  Y+ +  +A+  LE LPT</Hsp_midline>
    </Hsp>
  </Hit_hsps>
</Hit>
<Hit>
  <Hit_num>7</Hit_num>
  <Hit_id>ref|XP_001386673.2|</Hit_id>
  <Hit_def>predicted protein [Scheffersomyces stipitis CBS 6054] >gb|ABN68644.2| predicted protein [Scheffersomyces stipitis CBS 6054]</Hit_def>
  <Hit_accession>XP_001386673</Hit_accession>
  <Hit_len>1219</Hit_len>
  <Hit_hsps>
    <Hsp>
      <Hsp_num>1</Hsp_num>
      <Hsp_bit-score>95.9005</Hsp_bit-score>
      <Hsp_score>237</Hsp_score>
      <Hsp_evalue>2.59887e-16</Hsp_evalue>
      <Hsp_query-from>547</Hsp_query-from>
      <Hsp_query-to>690</Hsp_query-to>
      <Hsp_hit-from>1075</Hsp_hit-from>
      <Hsp_hit-to>1219</Hsp_hit-to>
      <Hsp_query-frame>0</Hsp_query-frame>
      <Hsp_hit-frame>0</Hsp_hit-frame>
      <Hsp_identity>56</Hsp_identity>
      <Hsp_positive>91</Hsp_positive>
      <Hsp_gaps>15</Hsp_gaps>
      <Hsp_align-len>152</Hsp_align-len>
      <Hsp_qseq>SPNAGITDLSGNFNALLEASTPERREDNPV--------ISRAGKVPSENIDWVPISLSSLAETLHNFEDTANYLKTVATSENDLHNDYDSELTNFISAMPENEEYMTIQEWVKYSASNCGKLVKETCNDIIRVYELDYFRALNVLESLPTED</Hsp_qseq>
      <Hsp_hseq>TPSASISRL-GRADAMIESSTPQN--SNSIRSLTVKEKISQVTDLPKK---WVQKPLVQFSEELANLEETAVHLRNLAASGYDLRDD-PGDLTSLLADMPEEEENMTIKEWVENCATNCRNLIEDQCDQMTAFVVNEYKRAISVIEALPTID</Hsp_hseq>
      <Hsp_midline>+P+A I+ L G  +A++E+STP+    N +        IS+   +P +   WV   L   +E L N E+TA +L+ +A S  DL +D   +LT+ ++ MPE EE MTI+EWV+  A+NC  L+++ C+ +      +Y RA++V+E+LPT D</Hsp_midline>
    </Hsp>
  </Hit_hsps>
</Hit>
<Hit>
  <Hit_num>8</Hit_num>
  <Hit_id>gb|PSK77970.1|</Hit_id>
  <Hit_def>hypothetical protein CJJ07_002221 [[Candida] auris] >gb|QEL59322.1| hypothetical protein CJJ09_001397 [[Candida] auris]</Hit_def>
  <Hit_accession>PSK77970</Hit_accession>
  <Hit_len>1123</Hit_len>
  <Hit_hsps>
    <Hsp>
      <Hsp_num>1</Hsp_num>
      <Hsp_bit-score>94.7449</Hsp_bit-score>
      <Hsp_score>234</Hsp_score>
      <Hsp_evalue>5.61405e-16</Hsp_evalue>
      <Hsp_query-from>595</Hsp_query-from>
      <Hsp_query-to>690</Hsp_query-to>
      <Hsp_hit-from>1028</Hsp_hit-from>
      <Hsp_hit-to>1123</Hsp_hit-to>
      <Hsp_query-frame>0</Hsp_query-frame>
      <Hsp_hit-frame>0</Hsp_hit-frame>
      <Hsp_identity>40</Hsp_identity>
      <Hsp_positive>63</Hsp_positive>
      <Hsp_gaps>0</Hsp_gaps>
      <Hsp_align-len>96</Hsp_align-len>
      <Hsp_qseq>LSSLAETLHNFEDTANYLKTVATSENDLHNDYDSELTNFISAMPENEEYMTIQEWVKYSASNCGKLVKETCNDIIRVYELDYFRALNVLESLPTED</Hsp_qseq>
      <Hsp_hseq>LGNIKEELKTLQDTMEYLAEVSASNYELHNDTEGMLTDFIAAMPEEEESMTIKEWMQHNATTCARTVRAIASKMIEAYETEFDRLIEFVEELPTKD</Hsp_hseq>
      <Hsp_midline>L ++ E L   +DT  YL  V+ S  +LHND +  LT+FI+AMPE EE MTI+EW++++A+ C + V+   + +I  YE ++ R +  +E LPT+D</Hsp_midline>
    </Hsp>
  </Hit_hsps>
</Hit>
<Hit>
  <Hit_num>9</Hit_num>
  <Hit_id>ref|XP_028890007.1|</Hit_id>
  <Hit_def>uncharacterized protein CJI97_002750 [[Candida] auris] >gb|PIS53091.1| hypothetical protein CJI97_002750 [[Candida] auris]</Hit_def>
  <Hit_accession>XP_028890007</Hit_accession>
  <Hit_len>1123</Hit_len>
  <Hit_hsps>
    <Hsp>
      <Hsp_num>1</Hsp_num>
      <Hsp_bit-score>94.7449</Hsp_bit-score>
      <Hsp_score>234</Hsp_score>
      <Hsp_evalue>5.71173e-16</Hsp_evalue>
      <Hsp_query-from>595</Hsp_query-from>
      <Hsp_query-to>690</Hsp_query-to>
      <Hsp_hit-from>1028</Hsp_hit-from>
      <Hsp_hit-to>1123</Hsp_hit-to>
      <Hsp_query-frame>0</Hsp_query-frame>
      <Hsp_hit-frame>0</Hsp_hit-frame>
      <Hsp_identity>40</Hsp_identity>
      <Hsp_positive>63</Hsp_positive>
      <Hsp_gaps>0</Hsp_gaps>
      <Hsp_align-len>96</Hsp_align-len>
      <Hsp_qseq>LSSLAETLHNFEDTANYLKTVATSENDLHNDYDSELTNFISAMPENEEYMTIQEWVKYSASNCGKLVKETCNDIIRVYELDYFRALNVLESLPTED</Hsp_qseq>
      <Hsp_hseq>LGNIKEELKTLQDTMEYLAEVSASNYELHNDTEGMLTDFIAAMPEEEESMTIKEWMQHNATTCARTVRAIASKMIEAYETEFDRLIEFVEELPTKD</Hsp_hseq>
      <Hsp_midline>L ++ E L   +DT  YL  V+ S  +LHND +  LT+FI+AMPE EE MTI+EW++++A+ C + V+   + +I  YE ++ R +  +E LPT+D</Hsp_midline>
    </Hsp>
  </Hit_hsps>
</Hit>
<Hit>
  <Hit_num>10</Hit_num>
  <Hit_id>gb|QEO19759.1|</Hit_id>
  <Hit_def>hypothetical_protein [[Candida] auris]</Hit_def>
  <Hit_accession>QEO19759</Hit_accession>
  <Hit_len>1123</Hit_len>
  <Hit_hsps>
    <Hsp>
      <Hsp_num>1</Hsp_num>
      <Hsp_bit-score>94.7449</Hsp_bit-score>
      <Hsp_score>234</Hsp_score>
      <Hsp_evalue>5.76121e-16</Hsp_evalue>
      <Hsp_query-from>595</Hsp_query-from>
      <Hsp_query-to>690</Hsp_query-to>
      <Hsp_hit-from>1028</Hsp_hit-from>
      <Hsp_hit-to>1123</Hsp_hit-to>
      <Hsp_query-frame>0</Hsp_query-frame>
      <Hsp_hit-frame>0</Hsp_hit-frame>
      <Hsp_identity>40</Hsp_identity>
      <Hsp_positive>63</Hsp_positive>
      <Hsp_gaps>0</Hsp_gaps>
      <Hsp_align-len>96</Hsp_align-len>
      <Hsp_qseq>LSSLAETLHNFEDTANYLKTVATSENDLHNDYDSELTNFISAMPENEEYMTIQEWVKYSASNCGKLVKETCNDIIRVYELDYFRALNVLESLPTED</Hsp_qseq>
      <Hsp_hseq>LGNIKEELKTLQDTMEYLAEVSASNYELHNDTEGMLTDFIAAMPEEEESMTIKEWMQHNATTCARTVRAIASKMIEAYETEFDRLIEFVEELPTKD</Hsp_hseq>
      <Hsp_midline>L ++ E L   +DT  YL  V+ S  +LHND +  LT+FI+AMPE EE MTI+EW++++A+ C + V+   + +I  YE ++ R +  +E LPT+D</Hsp_midline>
    </Hsp>
  </Hit_hsps>
</Hit>
<Hit>
  <Hit_num>11</Hit_num>
  <Hit_id>gb|PIS51126.1|</Hit_id>
  <Hit_def>hypothetical protein B9J08_002698 [[Candida] auris]</Hit_def>
  <Hit_accession>PIS51126</Hit_accession>
  <Hit_len>1123</Hit_len>
  <Hit_hsps>
    <Hsp>
      <Hsp_num>1</Hsp_num>
      <Hsp_bit-score>94.3597</Hsp_bit-score>
      <Hsp_score>233</Hsp_score>
      <Hsp_evalue>6.11973e-16</Hsp_evalue>
      <Hsp_query-from>595</Hsp_query-from>
      <Hsp_query-to>690</Hsp_query-to>
      <Hsp_hit-from>1028</Hsp_hit-from>
      <Hsp_hit-to>1123</Hsp_hit-to>
      <Hsp_query-frame>0</Hsp_query-frame>
      <Hsp_hit-frame>0</Hsp_hit-frame>
      <Hsp_identity>40</Hsp_identity>
      <Hsp_positive>63</Hsp_positive>
      <Hsp_gaps>0</Hsp_gaps>
      <Hsp_align-len>96</Hsp_align-len>
      <Hsp_qseq>LSSLAETLHNFEDTANYLKTVATSENDLHNDYDSELTNFISAMPENEEYMTIQEWVKYSASNCGKLVKETCNDIIRVYELDYFRALNVLESLPTED</Hsp_qseq>
      <Hsp_hseq>LGNIKEELKTLQDTMEYLAEVSASNYELHNDTEGMLTDFIAAMPEEEESMTIKEWMQHNATTCARTVRAIASKMIEAYETEFDRLIEFVEELPTKD</Hsp_hseq>
      <Hsp_midline>L ++ E L   +DT  YL  V+ S  +LHND +  LT+FI+AMPE EE MTI+EW++++A+ C + V+   + +I  YE ++ R +  +E LPT+D</Hsp_midline>
    </Hsp>
  </Hit_hsps>
</Hit>
<Hit>
  <Hit_num>12</Hit_num>
  <Hit_id>dbj|GBL50262.1|</Hit_id>
  <Hit_def>hypothetical protein CAJCM15448_25360 [[Candida] auris]</Hit_def>
  <Hit_accession>GBL50262</Hit_accession>
  <Hit_len>1222</Hit_len>
  <Hit_hsps>
    <Hsp>
      <Hsp_num>1</Hsp_num>
      <Hsp_bit-score>93.9745</Hsp_bit-score>
      <Hsp_score>232</Hsp_score>
      <Hsp_evalue>9.47768e-16</Hsp_evalue>
      <Hsp_query-from>595</Hsp_query-from>
      <Hsp_query-to>690</Hsp_query-to>
      <Hsp_hit-from>1127</Hsp_hit-from>
      <Hsp_hit-to>1222</Hsp_hit-to>
      <Hsp_query-frame>0</Hsp_query-frame>
      <Hsp_hit-frame>0</Hsp_hit-frame>
      <Hsp_identity>40</Hsp_identity>
      <Hsp_positive>63</Hsp_positive>
      <Hsp_gaps>0</Hsp_gaps>
      <Hsp_align-len>96</Hsp_align-len>
      <Hsp_qseq>LSSLAETLHNFEDTANYLKTVATSENDLHNDYDSELTNFISAMPENEEYMTIQEWVKYSASNCGKLVKETCNDIIRVYELDYFRALNVLESLPTED</Hsp_qseq>
      <Hsp_hseq>LGNIKEELKTLQDTMEYLAEVSASNYELHNDTEGMLTDFIAAMPEEEESMTIKEWMQHNATTCARTVRAIASKMIEAYETEFDRLIEFVEELPTKD</Hsp_hseq>
      <Hsp_midline>L ++ E L   +DT  YL  V+ S  +LHND +  LT+FI+AMPE EE MTI+EW++++A+ C + V+   + +I  YE ++ R +  +E LPT+D</Hsp_midline>
    </Hsp>
  </Hit_hsps>
</Hit>
<Hit>
  <Hit_num>13</Hit_num>
  <Hit_id>gb|KND99168.2|</Hit_id>
  <Hit_def>hypothetical protein QG37_03965 [[Candida] auris]</Hit_def>
  <Hit_accession>KND99168</Hit_accession>
  <Hit_len>1222</Hit_len>
  <Hit_hsps>
    <Hsp>
      <Hsp_num>1</Hsp_num>
      <Hsp_bit-score>93.9745</Hsp_bit-score>
      <Hsp_score>232</Hsp_score>
      <Hsp_evalue>9.55968e-16</Hsp_evalue>
      <Hsp_query-from>595</Hsp_query-from>
      <Hsp_query-to>690</Hsp_query-to>
      <Hsp_hit-from>1127</Hsp_hit-from>
      <Hsp_hit-to>1222</Hsp_hit-to>
      <Hsp_query-frame>0</Hsp_query-frame>
      <Hsp_hit-frame>0</Hsp_hit-frame>
      <Hsp_identity>40</Hsp_identity>
      <Hsp_positive>63</Hsp_positive>
      <Hsp_gaps>0</Hsp_gaps>
      <Hsp_align-len>96</Hsp_align-len>
      <Hsp_qseq>LSSLAETLHNFEDTANYLKTVATSENDLHNDYDSELTNFISAMPENEEYMTIQEWVKYSASNCGKLVKETCNDIIRVYELDYFRALNVLESLPTED</Hsp_qseq>
      <Hsp_hseq>LGNIKEELKTLQDTMEYLAEVSASNYELHNDTEGMLTDFIAAMPEEEESMTIKEWMQHNATTCARTVRAIASKMIEAYETEFDRLIEFVEELPTKD</Hsp_hseq>
      <Hsp_midline>L ++ E L   +DT  YL  V+ S  +LHND +  LT+FI+AMPE EE MTI+EW++++A+ C + V+   + +I  YE ++ R +  +E LPT+D</Hsp_midline>
    </Hsp>
  </Hit_hsps>
</Hit>
<Hit>
  <Hit_num>14</Hit_num>
  <Hit_id>gb|RCK62686.1|</Hit_id>
  <Hit_def>hypothetical protein Cantr_09259 [Candida viswanathii]</Hit_def>
  <Hit_accession>RCK62686</Hit_accession>
  <Hit_len>1219</Hit_len>
  <Hit_hsps>
    <Hsp>
      <Hsp_num>1</Hsp_num>
      <Hsp_bit-score>89.3521</Hsp_bit-score>
      <Hsp_score>220</Hsp_score>
      <Hsp_evalue>2.4294e-14</Hsp_evalue>
      <Hsp_query-from>590</Hsp_query-from>
      <Hsp_query-to>690</Hsp_query-to>
      <Hsp_hit-from>1119</Hsp_hit-from>
      <Hsp_hit-to>1219</Hsp_hit-to>
      <Hsp_query-frame>0</Hsp_query-frame>
      <Hsp_hit-frame>0</Hsp_hit-frame>
      <Hsp_identity>40</Hsp_identity>
      <Hsp_positive>64</Hsp_positive>
      <Hsp_gaps>0</Hsp_gaps>
      <Hsp_align-len>101</Hsp_align-len>
      <Hsp_qseq>WVPISLSSLAETLHNFEDTANYLKTVATSENDLHNDYDSELTNFISAMPENEEYMTIQEWVKYSASNCGKLVKETCNDIIRVYELDYFRALNVLESLPTED</Hsp_qseq>
      <Hsp_hseq>WQPRPLTKFVEQMKFLESSAKELKELANSEYDLNNDVNGDITRFIAEMPEEEENMTIKQWMEHCATNCRDIVTQSCGELGDFILEEYDRAIQEIENLPTID</Hsp_hseq>
      <Hsp_midline>W P  L+   E +   E +A  LK +A SE DL+ND + ++T FI+ MPE EE MTI++W+++ A+NC  +V ++C ++      +Y RA+  +E+LPT D</Hsp_midline>
    </Hsp>
  </Hit_hsps>
</Hit>
<Hit>
  <Hit_num>15</Hit_num>
  <Hit_id>ref|XP_025341220.1|</Hit_id>
  <Hit_def>hypothetical protein CXQ85_002065 [[Candida] haemulonis] >gb|PVH20280.1| hypothetical protein CXQ85_002065 [[Candida] haemulonis]</Hit_def>
  <Hit_accession>XP_025341220</Hit_accession>
  <Hit_len>1688</Hit_len>
  <Hit_hsps>
    <Hsp>
      <Hsp_num>1</Hsp_num>
      <Hsp_bit-score>89.7373</Hsp_bit-score>
      <Hsp_score>221</Hsp_score>
      <Hsp_evalue>2.47077e-14</Hsp_evalue>
      <Hsp_query-from>529</Hsp_query-from>
      <Hsp_query-to>676</Hsp_query-to>
      <Hsp_hit-from>1531</Hsp_hit-from>
      <Hsp_hit-to>1674</Hsp_hit-to>
      <Hsp_query-frame>0</Hsp_query-frame>
      <Hsp_hit-frame>0</Hsp_hit-frame>
      <Hsp_identity>50</Hsp_identity>
      <Hsp_positive>83</Hsp_positive>
      <Hsp_gaps>12</Hsp_gaps>
      <Hsp_align-len>152</Hsp_align-len>
      <Hsp_qseq>KSFSKEDKQEIITTRKSKSPNAGITDLSGNFNALLEASTPER----REDNPVISRAGKVPSENIDWVPISLSSLAETLHNFEDTANYLKTVATSENDLHNDYDSELTNFISAMPENEEYMTIQEWVKYSASNCGKLVKETCNDIIRVYELDY</Hsp_qseq>
      <Hsp_hseq>KSFEDEPMEVAKVDQTPEIPEKPLPPLEGLSGSFIESSTPQKETKPRED-AVYKYHNRIDA-------TKLGNIVEELKTLKDTMEYLAEVSSASCELHNDTEGILTDFIAAMPEEEEMMTIKEWMQHNAATCGRTVKAIADRMIEAYEAEF</Hsp_hseq>
      <Hsp_midline>KSF  E  +     +  + P   +  L G   + +E+STP++    RED  V     ++ +         L ++ E L   +DT  YL  V+++  +LHND +  LT+FI+AMPE EE MTI+EW++++A+ CG+ VK   + +I  YE ++</Hsp_midline>
    </Hsp>
  </Hit_hsps>
</Hit>
<Hit>
  <Hit_num>16</Hit_num>
  <Hit_id>gb|RCK59173.1|</Hit_id>
  <Hit_def>hypothetical protein Cantr_07653 [Candida viswanathii]</Hit_def>
  <Hit_accession>RCK59173</Hit_accession>
  <Hit_len>1218</Hit_len>
  <Hit_hsps>
    <Hsp>
      <Hsp_num>1</Hsp_num>
      <Hsp_bit-score>87.8113</Hsp_bit-score>
      <Hsp_score>216</Hsp_score>
      <Hsp_evalue>7.49011e-14</Hsp_evalue>
      <Hsp_query-from>590</Hsp_query-from>
      <Hsp_query-to>690</Hsp_query-to>
      <Hsp_hit-from>1118</Hsp_hit-from>
      <Hsp_hit-to>1218</Hsp_hit-to>
      <Hsp_query-frame>0</Hsp_query-frame>
      <Hsp_hit-frame>0</Hsp_hit-frame>
      <Hsp_identity>40</Hsp_identity>
      <Hsp_positive>63</Hsp_positive>
      <Hsp_gaps>0</Hsp_gaps>
      <Hsp_align-len>101</Hsp_align-len>
      <Hsp_qseq>WVPISLSSLAETLHNFEDTANYLKTVATSENDLHNDYDSELTNFISAMPENEEYMTIQEWVKYSASNCGKLVKETCNDIIRVYELDYFRALNVLESLPTED</Hsp_qseq>
      <Hsp_hseq>WQPRPLTKFVEQMKFLESSAKELKELANSEYDLINDVNGDITRFIAEMPEEEEDMTIKQWMEHCATNCRDIVTQSCGELGDFILEEYDRAIQEIENLPTID</Hsp_hseq>
      <Hsp_midline>W P  L+   E +   E +A  LK +A SE DL ND + ++T FI+ MPE EE MTI++W+++ A+NC  +V ++C ++      +Y RA+  +E+LPT D</Hsp_midline>
    </Hsp>
  </Hit_hsps>
</Hit>
<Hit>
  <Hit_num>17</Hit_num>
  <Hit_id>ref|XP_025338562.1|</Hit_id>
  <Hit_def>uncharacterized protein CXQ87_000513 [[Candida] duobushaemulonis] >gb|PVH17622.1| hypothetical protein CXQ87_000513 [[Candida] duobushaemulonis]</Hit_def>
  <Hit_accession>XP_025338562</Hit_accession>
  <Hit_len>1118</Hit_len>
  <Hit_hsps>
    <Hsp>
      <Hsp_num>1</Hsp_num>
      <Hsp_bit-score>87.8113</Hsp_bit-score>
      <Hsp_score>216</Hsp_score>
      <Hsp_evalue>7.53018e-14</Hsp_evalue>
      <Hsp_query-from>555</Hsp_query-from>
      <Hsp_query-to>690</Hsp_query-to>
      <Hsp_hit-from>993</Hsp_hit-from>
      <Hsp_hit-to>1118</Hsp_hit-to>
      <Hsp_query-frame>0</Hsp_query-frame>
      <Hsp_hit-frame>0</Hsp_hit-frame>
      <Hsp_identity>43</Hsp_identity>
      <Hsp_positive>78</Hsp_positive>
      <Hsp_gaps>10</Hsp_gaps>
      <Hsp_align-len>136</Hsp_align-len>
      <Hsp_qseq>LSGNFNALLEASTPERREDNPVISRAGKVPSENIDWVPISLSSLAETLHNFEDTANYLKTVATSENDLHNDYDSELTNFISAMPENEEYMTIQEWVKYSASNCGKLVKETCNDIIRVYELDYFRALNVLESLPTED</Hsp_qseq>
      <Hsp_hseq>ISGSF---IESSTPRKAREDAVYKYYPRIDTSK-------LGNIMDELKTLTDTMDYLAEVSAASCELHNDNEGILTDFIAAMPEEEEAMTVKEWMQHNAATCGRTVRAIADRMIDAYAAEFDNLIEYVAGLPTTD</Hsp_hseq>
      <Hsp_midline>+SG+F   +E+STP +  ++ V     ++ +         L ++ + L    DT +YL  V+ +  +LHND +  LT+FI+AMPE EE MT++EW++++A+ CG+ V+   + +I  Y  ++   +  +  LPT D</Hsp_midline>
    </Hsp>
  </Hit_hsps>
</Hit>
<Hit>
  <Hit_num>18</Hit_num>
  <Hit_id>ref|XP_002616774.1|</Hit_id>
  <Hit_def>hypothetical protein CLUG_04015 [Clavispora lusitaniae ATCC 42720] >gb|EEQ39887.1| hypothetical protein CLUG_04015 [Clavispora lusitaniae ATCC 42720]</Hit_def>
  <Hit_accession>XP_002616774</Hit_accession>
  <Hit_len>1289</Hit_len>
  <Hit_hsps>
    <Hsp>
      <Hsp_num>1</Hsp_num>
      <Hsp_bit-score>87.0409</Hsp_bit-score>
      <Hsp_score>214</Hsp_score>
      <Hsp_evalue>1.5762e-13</Hsp_evalue>
      <Hsp_query-from>593</Hsp_query-from>
      <Hsp_query-to>690</Hsp_query-to>
      <Hsp_hit-from>1192</Hsp_hit-from>
      <Hsp_hit-to>1289</Hsp_hit-to>
      <Hsp_query-frame>0</Hsp_query-frame>
      <Hsp_hit-frame>0</Hsp_hit-frame>
      <Hsp_identity>38</Hsp_identity>
      <Hsp_positive>60</Hsp_positive>
      <Hsp_gaps>0</Hsp_gaps>
      <Hsp_align-len>98</Hsp_align-len>
      <Hsp_qseq>ISLSSLAETLHNFEDTANYLKTVATSENDLHNDYDSELTNFISAMPENEEYMTIQEWVKYSASNCGKLVKETCNDIIRVYELDYFRALNVLESLPTED</Hsp_qseq>
      <Hsp_hseq>ISLHDVVSEMQALADTIDYLAEVAATKQELHDDSEGLITQFIAAMPEEEECMAVKEWMLHNASTCGRTVREIAGKLIRAYEEQFEELIHQVEELETTD</Hsp_hseq>
      <Hsp_midline>ISL  +   +    DT +YL  VA ++ +LH+D +  +T FI+AMPE EE M ++EW+ ++AS CG+ V+E    +IR YE  +   ++ +E L T D</Hsp_midline>
    </Hsp>
  </Hit_hsps>
</Hit>
<Hit>
  <Hit_num>19</Hit_num>
  <Hit_id>gb|QFZ28769.1|</Hit_id>
  <Hit_def>hypothetical protein EJF14_40817 [Clavispora lusitaniae] >gb|QFZ34432.1| hypothetical protein EJF16_40817 [Clavispora lusitaniae] >gb|QFZ40116.1| hypothetical protein EJF15_40817 [Clavispora lusitaniae] >gb|QFZ45798.1| hypothetical protein EJF18_40817 [Clavispora lusitaniae] >gb|QFZ51462.1| hypothetical protein EJF17_40817 [Clavispora lusitaniae]</Hit_def>
  <Hit_accession>QFZ28769</Hit_accession>
  <Hit_len>1290</Hit_len>
  <Hit_hsps>
    <Hsp>
      <Hsp_num>1</Hsp_num>
      <Hsp_bit-score>86.6557</Hsp_bit-score>
      <Hsp_score>213</Hsp_score>
      <Hsp_evalue>1.59026e-13</Hsp_evalue>
      <Hsp_query-from>593</Hsp_query-from>
      <Hsp_query-to>690</Hsp_query-to>
      <Hsp_hit-from>1193</Hsp_hit-from>
      <Hsp_hit-to>1290</Hsp_hit-to>
      <Hsp_query-frame>0</Hsp_query-frame>
      <Hsp_hit-frame>0</Hsp_hit-frame>
      <Hsp_identity>38</Hsp_identity>
      <Hsp_positive>60</Hsp_positive>
      <Hsp_gaps>0</Hsp_gaps>
      <Hsp_align-len>98</Hsp_align-len>
      <Hsp_qseq>ISLSSLAETLHNFEDTANYLKTVATSENDLHNDYDSELTNFISAMPENEEYMTIQEWVKYSASNCGKLVKETCNDIIRVYELDYFRALNVLESLPTED</Hsp_qseq>
      <Hsp_hseq>ISLHDVVSEMQALADTIDYLAEVAATKQELHDDSEGLITQFIAAMPEEEECMAVKEWMLHNASTCGRTVREIAGKLIRAYEEQFEELIHQVEELETTD</Hsp_hseq>
      <Hsp_midline>ISL  +   +    DT +YL  VA ++ +LH+D +  +T FI+AMPE EE M ++EW+ ++AS CG+ V+E    +IR YE  +   ++ +E L T D</Hsp_midline>
    </Hsp>
  </Hit_hsps>
</Hit>
<Hit>
  <Hit_num>20</Hit_num>
  <Hit_id>emb|SGZ56543.1|</Hit_id>
  <Hit_def>CIC11C00000002429 [[Candida] intermedia]</Hit_def>
  <Hit_accession>SGZ56543</Hit_accession>
  <Hit_len>1522</Hit_len>
  <Hit_hsps>
    <Hsp>
      <Hsp_num>1</Hsp_num>
      <Hsp_bit-score>86.2705</Hsp_bit-score>
      <Hsp_score>212</Hsp_score>
      <Hsp_evalue>2.81257e-13</Hsp_evalue>
      <Hsp_query-from>588</Hsp_query-from>
      <Hsp_query-to>690</Hsp_query-to>
      <Hsp_hit-from>1419</Hsp_hit-from>
      <Hsp_hit-to>1522</Hsp_hit-to>
      <Hsp_query-frame>0</Hsp_query-frame>
      <Hsp_hit-frame>0</Hsp_hit-frame>
      <Hsp_identity>37</Hsp_identity>
      <Hsp_positive>67</Hsp_positive>
      <Hsp_gaps>1</Hsp_gaps>
      <Hsp_align-len>104</Hsp_align-len>
      <Hsp_qseq>IDWVP-ISLSSLAETLHNFEDTANYLKTVATSENDLHNDYDSELTNFISAMPENEEYMTIQEWVKYSASNCGKLVKETCNDIIRVYELDYFRALNVLESLPTED</Hsp_qseq>
      <Hsp_hseq>LERIPAVKVDNLAKEIQTLLDTIEYLAEVSATQRELHNDAEGLLTHFIAAMPEEEEAMSIREWIDHNATTCGRTVREISERVIRTYEEAFDKVIDQVAQMDTVD</Hsp_hseq>
      <Hsp_midline>++ +P + + +LA+ +    DT  YL  V+ ++ +LHND +  LT+FI+AMPE EE M+I+EW+ ++A+ CG+ V+E    +IR YE  + + ++ +  + T D</Hsp_midline>
    </Hsp>
  </Hit_hsps>
</Hit>
<Hit>
  <Hit_num>21</Hit_num>
  <Hit_id>ref|XP_024715862.1|</Hit_id>
  <Hit_def>hypothetical protein C7M61_000837 [[Candida] pseudohaemulonis] >gb|PSK41163.1| hypothetical protein C7M61_000837 [[Candida] pseudohaemulonis]</Hit_def>
  <Hit_accession>XP_024715862</Hit_accession>
  <Hit_len>1714</Hit_len>
  <Hit_hsps>
    <Hsp>
      <Hsp_num>1</Hsp_num>
      <Hsp_bit-score>85.8853</Hsp_bit-score>
      <Hsp_score>211</Hsp_score>
      <Hsp_evalue>3.08599e-13</Hsp_evalue>
      <Hsp_query-from>552</Hsp_query-from>
      <Hsp_query-to>690</Hsp_query-to>
      <Hsp_hit-from>1584</Hsp_hit-from>
      <Hsp_hit-to>1714</Hsp_hit-to>
      <Hsp_query-frame>0</Hsp_query-frame>
      <Hsp_hit-frame>0</Hsp_hit-frame>
      <Hsp_identity>47</Hsp_identity>
      <Hsp_positive>82</Hsp_positive>
      <Hsp_gaps>14</Hsp_gaps>
      <Hsp_align-len>142</Hsp_align-len>
      <Hsp_qseq>ITDLSGNFNALLEASTPER---REDNPVISRAGKVPSENIDWVPISLSSLAETLHNFEDTANYLKTVATSENDLHNDYDSELTNFISAMPENEEYMTIQEWVKYSASNCGKLVKETCNDIIRVYELDYFRALNVLESLPTED</Hsp_qseq>
      <Hsp_hseq>LENISGSF---IESSTPRKNQVREDA-VYKYYPRIDTSK-------LGNIMDELKTLTDTMDYLAEVSAASCELHNDNEGILTDFIAAMPEEEEAMTVKEWMQHNAATCGRTVRAIADRMIEAYAAEFDNLIEYVASLPTTD</Hsp_hseq>
      <Hsp_midline>+ ++SG+F   +E+STP +   RED  V     ++ +         L ++ + L    DT +YL  V+ +  +LHND +  LT+FI+AMPE EE MT++EW++++A+ CG+ V+   + +I  Y  ++   +  + SLPT D</Hsp_midline>
    </Hsp>
  </Hit_hsps>
</Hit>
<Hit>
  <Hit_num>22</Hit_num>
  <Hit_id>gb|KAA8902408.1|</Hit_id>
  <Hit_def>hypothetical protein DIURU_002862 [Diutina rugosa]</Hit_def>
  <Hit_accession>KAA8902408</Hit_accession>
  <Hit_len>1866</Hit_len>
  <Hit_hsps>
    <Hsp>
      <Hsp_num>1</Hsp_num>
      <Hsp_bit-score>85.8853</Hsp_bit-score>
      <Hsp_score>211</Hsp_score>
      <Hsp_evalue>3.17729e-13</Hsp_evalue>
      <Hsp_query-from>562</Hsp_query-from>
      <Hsp_query-to>690</Hsp_query-to>
      <Hsp_hit-from>1747</Hsp_hit-from>
      <Hsp_hit-to>1866</Hsp_hit-to>
      <Hsp_query-frame>0</Hsp_query-frame>
      <Hsp_hit-frame>0</Hsp_hit-frame>
      <Hsp_identity>47</Hsp_identity>
      <Hsp_positive>74</Hsp_positive>
      <Hsp_gaps>9</Hsp_gaps>
      <Hsp_align-len>129</Hsp_align-len>
      <Hsp_qseq>LLEASTPERREDNPVISRAGKVPSENIDWVPISLSSLAETLHNFEDTANYLKTVATSENDLHNDYDSELTNFISAMPENEEYMTIQEWVKYSASNCGKLVKETCNDIIRVYELDYFRALNVLESLPTED</Hsp_qseq>
      <Hsp_hseq>LATASTPKRHHDDPPL------PEEPFDEV---LKSHQQNLNRVEAISSYLRSVVHTPYSLHDDADGVLSSFVAGMPEHEKEMTIEEWINHMAKITCNNVGEEVEQLTKVYEKHYYQGLSWLEALETDD</Hsp_hseq>
      <Hsp_midline>L  ASTP+R  D+P +      P E  D V   L S  + L+  E  ++YL++V  +   LH+D D  L++F++ MPE+E+ MTI+EW+ + A      V E    + +VYE  Y++ L+ LE+L T+D</Hsp_midline>
    </Hsp>
  </Hit_hsps>
</Hit>
<Hit>
  <Hit_num>23</Hit_num>
  <Hit_id>gb|OVF10703.1|</Hit_id>
  <Hit_def>hypothetical protein A9F13_01g01056 [Clavispora lusitaniae]</Hit_def>
  <Hit_accession>OVF10703</Hit_accession>
  <Hit_len>106</Hit_len>
  <Hit_hsps>
    <Hsp>
      <Hsp_num>1</Hsp_num>
      <Hsp_bit-score>76.6406</Hsp_bit-score>
      <Hsp_score>187</Hsp_score>
      <Hsp_evalue>4.82417e-13</Hsp_evalue>
      <Hsp_query-from>593</Hsp_query-from>
      <Hsp_query-to>690</Hsp_query-to>
      <Hsp_hit-from>9</Hsp_hit-from>
      <Hsp_hit-to>106</Hsp_hit-to>
      <Hsp_query-frame>0</Hsp_query-frame>
      <Hsp_hit-frame>0</Hsp_hit-frame>
      <Hsp_identity>38</Hsp_identity>
      <Hsp_positive>60</Hsp_positive>
      <Hsp_gaps>0</Hsp_gaps>
      <Hsp_align-len>98</Hsp_align-len>
      <Hsp_qseq>ISLSSLAETLHNFEDTANYLKTVATSENDLHNDYDSELTNFISAMPENEEYMTIQEWVKYSASNCGKLVKETCNDIIRVYELDYFRALNVLESLPTED</Hsp_qseq>
      <Hsp_hseq>ISLHDVVSEMQALADTIDYLAEVAATKQELHDDSEGLITQFIAAMPEEEECMAVKEWMLHNASTCGRTVREIAGKLIRAYEEQFEELIHQVEELETTD</Hsp_hseq>
      <Hsp_midline>ISL  +   +    DT +YL  VA ++ +LH+D +  +T FI+AMPE EE M ++EW+ ++AS CG+ V+E    +IR YE  +   ++ +E L T D</Hsp_midline>
    </Hsp>
  </Hit_hsps>
</Hit>
<Hit>
  <Hit_num>24</Hit_num>
  <Hit_id>emb|SGZ56594.1|</Hit_id>
  <Hit_def>CIC11C00000000179 [[Candida] intermedia]</Hit_def>
  <Hit_accession>SGZ56594</Hit_accession>
  <Hit_len>118</Hit_len>
  <Hit_hsps>
    <Hsp>
      <Hsp_num>1</Hsp_num>
      <Hsp_bit-score>77.0258</Hsp_bit-score>
      <Hsp_score>188</Hsp_score>
      <Hsp_evalue>5.67915e-13</Hsp_evalue>
      <Hsp_query-from>593</Hsp_query-from>
      <Hsp_query-to>690</Hsp_query-to>
      <Hsp_hit-from>21</Hsp_hit-from>
      <Hsp_hit-to>118</Hsp_hit-to>
      <Hsp_query-frame>0</Hsp_query-frame>
      <Hsp_hit-frame>0</Hsp_hit-frame>
      <Hsp_identity>36</Hsp_identity>
      <Hsp_positive>63</Hsp_positive>
      <Hsp_gaps>0</Hsp_gaps>
      <Hsp_align-len>98</Hsp_align-len>
      <Hsp_qseq>ISLSSLAETLHNFEDTANYLKTVATSENDLHNDYDSELTNFISAMPENEEYMTIQEWVKYSASNCGKLVKETCNDIIRVYELDYFRALNVLESLPTED</Hsp_qseq>
      <Hsp_hseq>VKVDNLAKEIQTLLDTIEYLAEVSATQRELHNDAEGLLTHFIAAMPEEEEAMSIREWIDHNATTCGRTVREISERVIRTYEEAFDKVIDQVAQMDTVD</Hsp_hseq>
      <Hsp_midline>+ + +LA+ +    DT  YL  V+ ++ +LHND +  LT+FI+AMPE EE M+I+EW+ ++A+ CG+ V+E    +IR YE  + + ++ +  + T D</Hsp_midline>
    </Hsp>
  </Hit_hsps>
</Hit>
<Hit>
  <Hit_num>25</Hit_num>
  <Hit_id>emb|CCE42694.1|</Hit_id>
  <Hit_def>hypothetical protein CPAR2_203370 [Candida parapsilosis]</Hit_def>
  <Hit_accession>CCE42694</Hit_accession>
  <Hit_len>1044</Hit_len>
  <Hit_hsps>
    <Hsp>
      <Hsp_num>1</Hsp_num>
      <Hsp_bit-score>84.7297</Hsp_bit-score>
      <Hsp_score>208</Hsp_score>
      <Hsp_evalue>7.05916e-13</Hsp_evalue>
      <Hsp_query-from>589</Hsp_query-from>
      <Hsp_query-to>686</Hsp_query-to>
      <Hsp_hit-from>943</Hsp_hit-from>
      <Hsp_hit-to>1040</Hsp_hit-to>
      <Hsp_query-frame>0</Hsp_query-frame>
      <Hsp_hit-frame>0</Hsp_hit-frame>
      <Hsp_identity>36</Hsp_identity>
      <Hsp_positive>64</Hsp_positive>
      <Hsp_gaps>0</Hsp_gaps>
      <Hsp_align-len>98</Hsp_align-len>
      <Hsp_qseq>DWVPISLSSLAETLHNFEDTANYLKTVATSENDLHNDYDSELTNFISAMPENEEYMTIQEWVKYSASNCGKLVKETCNDIIRVYELDYFRALNVLESL</Hsp_qseq>
      <Hsp_hseq>EWRASSMQRFVQQIENLDDSSKELKLLANSEHDLYNDLDGDLTRFIAEMPEEEEQMTIEQWIEHCATNCKDIVAQSMREMNQYILDEYNRAIKTLETM</Hsp_hseq>
      <Hsp_midline>+W   S+    + + N +D++  LK +A SE+DL+ND D +LT FI+ MPE EE MTI++W+++ A+NC  +V ++  ++ +    +Y RA+  LE++</Hsp_midline>
    </Hsp>
  </Hit_hsps>
</Hit>
<Hit>
  <Hit_num>26</Hit_num>
  <Hit_id>gb|OWB76450.1|</Hit_id>
  <Hit_def>hypothetical protein B5S32_g602 [[Candida] boidinii]</Hit_def>
  <Hit_accession>OWB76450</Hit_accession>
  <Hit_len>1439</Hit_len>
  <Hit_hsps>
    <Hsp>
      <Hsp_num>1</Hsp_num>
      <Hsp_bit-score>84.7297</Hsp_bit-score>
      <Hsp_score>208</Hsp_score>
      <Hsp_evalue>7.54003e-13</Hsp_evalue>
      <Hsp_query-from>590</Hsp_query-from>
      <Hsp_query-to>690</Hsp_query-to>
      <Hsp_hit-from>1336</Hsp_hit-from>
      <Hsp_hit-to>1437</Hsp_hit-to>
      <Hsp_query-frame>0</Hsp_query-frame>
      <Hsp_hit-frame>0</Hsp_hit-frame>
      <Hsp_identity>41</Hsp_identity>
      <Hsp_positive>61</Hsp_positive>
      <Hsp_gaps>1</Hsp_gaps>
      <Hsp_align-len>102</Hsp_align-len>
      <Hsp_qseq>WVPISLSSLAETLHNFEDTANYLKTVATSE-NDLHNDYDSELTNFISAMPENEEYMTIQEWVKYSASNCGKLVKETCNDIIRVYELDYFRALNVLESLPTED</Hsp_qseq>
      <Hsp_hseq>WESPNYEEVSEQVGQLTVATQFFKEIANSEYNSLNDDLDGMLTNFISEMPKQELEMTIQEWIKYSAKQAGKIVEEKCENMINMLKIEQDKALEILNHLPVSD</Hsp_hseq>
      <Hsp_midline>W   +   ++E +        + K +A SE N L++D D  LTNFIS MP+ E  MTIQEW+KYSA   GK+V+E C ++I + +++  +AL +L  LP  D</Hsp_midline>
    </Hsp>
  </Hit_hsps>
</Hit>
<Hit>
  <Hit_num>27</Hit_num>
  <Hit_id>gb|OWB71097.1|</Hit_id>
  <Hit_def>hypothetical protein B5S31_g780 [[Candida] boidinii]</Hit_def>
  <Hit_accession>OWB71097</Hit_accession>
  <Hit_len>1439</Hit_len>
  <Hit_hsps>
    <Hsp>
      <Hsp_num>1</Hsp_num>
      <Hsp_bit-score>84.7297</Hsp_bit-score>
      <Hsp_score>208</Hsp_score>
      <Hsp_evalue>7.87031e-13</Hsp_evalue>
      <Hsp_query-from>590</Hsp_query-from>
      <Hsp_query-to>690</Hsp_query-to>
      <Hsp_hit-from>1336</Hsp_hit-from>
      <Hsp_hit-to>1437</Hsp_hit-to>
      <Hsp_query-frame>0</Hsp_query-frame>
      <Hsp_hit-frame>0</Hsp_hit-frame>
      <Hsp_identity>41</Hsp_identity>
      <Hsp_positive>61</Hsp_positive>
      <Hsp_gaps>1</Hsp_gaps>
      <Hsp_align-len>102</Hsp_align-len>
      <Hsp_qseq>WVPISLSSLAETLHNFEDTANYLKTVATSE-NDLHNDYDSELTNFISAMPENEEYMTIQEWVKYSASNCGKLVKETCNDIIRVYELDYFRALNVLESLPTED</Hsp_qseq>
      <Hsp_hseq>WESPNYEEVSEQVGQLTVATQFFKEIANSEYNSLNDDLDGMLTNFISEMPKQELEMTIQEWIKYSAKQAGKIVEEKCENMINMLKIEQDKALEILNHLPVSD</Hsp_hseq>
      <Hsp_midline>W   +   ++E +        + K +A SE N L++D D  LTNFIS MP+ E  MTIQEW+KYSA   GK+V+E C ++I + +++  +AL +L  LP  D</Hsp_midline>
    </Hsp>
  </Hit_hsps>
</Hit>
<Hit>
  <Hit_num>28</Hit_num>
  <Hit_id>gb|OWB68290.1|</Hit_id>
  <Hit_def>hypothetical protein B5S30_g3666 [[Candida] boidinii]</Hit_def>
  <Hit_accession>OWB68290</Hit_accession>
  <Hit_len>1476</Hit_len>
  <Hit_hsps>
    <Hsp>
      <Hsp_num>1</Hsp_num>
      <Hsp_bit-score>82.4185</Hsp_bit-score>
      <Hsp_score>202</Hsp_score>
      <Hsp_evalue>4.04129e-12</Hsp_evalue>
      <Hsp_query-from>590</Hsp_query-from>
      <Hsp_query-to>690</Hsp_query-to>
      <Hsp_hit-from>1373</Hsp_hit-from>
      <Hsp_hit-to>1474</Hsp_hit-to>
      <Hsp_query-frame>0</Hsp_query-frame>
      <Hsp_hit-frame>0</Hsp_hit-frame>
      <Hsp_identity>40</Hsp_identity>
      <Hsp_positive>61</Hsp_positive>
      <Hsp_gaps>1</Hsp_gaps>
      <Hsp_align-len>102</Hsp_align-len>
      <Hsp_qseq>WVPISLSSLAETLHNFEDTANYLKTVATSE-NDLHNDYDSELTNFISAMPENEEYMTIQEWVKYSASNCGKLVKETCNDIIRVYELDYFRALNVLESLPTED</Hsp_qseq>
      <Hsp_hseq>WESPNYEEVKEQVGQLTVATQFFKEIANSEYNSLNDDLDGMLTNFISEMPKQELEMTIQEWIKHSAKQAGKIVEEKCENMINMLKIEQDKALDILNRLPVSD</Hsp_hseq>
      <Hsp_midline>W   +   + E +        + K +A SE N L++D D  LTNFIS MP+ E  MTIQEW+K+SA   GK+V+E C ++I + +++  +AL++L  LP  D</Hsp_midline>
    </Hsp>
  </Hit_hsps>
</Hit>
<Hit>
  <Hit_num>29</Hit_num>
  <Hit_id>gb|OWB83702.1|</Hit_id>
  <Hit_def>hypothetical protein B5S33_g2333 [[Candida] boidinii]</Hit_def>
  <Hit_accession>OWB83702</Hit_accession>
  <Hit_len>1476</Hit_len>
  <Hit_hsps>
    <Hsp>
      <Hsp_num>1</Hsp_num>
      <Hsp_bit-score>82.4185</Hsp_bit-score>
      <Hsp_score>202</Hsp_score>
      <Hsp_evalue>4.11113e-12</Hsp_evalue>
      <Hsp_query-from>590</Hsp_query-from>
      <Hsp_query-to>690</Hsp_query-to>
      <Hsp_hit-from>1373</Hsp_hit-from>
      <Hsp_hit-to>1474</Hsp_hit-to>
      <Hsp_query-frame>0</Hsp_query-frame>
      <Hsp_hit-frame>0</Hsp_hit-frame>
      <Hsp_identity>40</Hsp_identity>
      <Hsp_positive>61</Hsp_positive>
      <Hsp_gaps>1</Hsp_gaps>
      <Hsp_align-len>102</Hsp_align-len>
      <Hsp_qseq>WVPISLSSLAETLHNFEDTANYLKTVATSE-NDLHNDYDSELTNFISAMPENEEYMTIQEWVKYSASNCGKLVKETCNDIIRVYELDYFRALNVLESLPTED</Hsp_qseq>
      <Hsp_hseq>WESPNYEEVKEQVGQLTVATQFFKEIANSEYNSLNDDLDGMLTNFISEMPKQELEMTIQEWIKHSAKQAGKIVEEKCENMINMLKIEQDKALDILNRLPVSD</Hsp_hseq>
      <Hsp_midline>W   +   + E +        + K +A SE N L++D D  LTNFIS MP+ E  MTIQEW+K+SA   GK+V+E C ++I + +++  +AL++L  LP  D</Hsp_midline>
    </Hsp>
  </Hit_hsps>
</Hit>
<Hit>
  <Hit_num>30</Hit_num>
  <Hit_id>ref|XP_003869325.1|</Hit_id>
  <Hit_def>hypothetical protein CORT_0D03470 [Candida orthopsilosis Co 90-125] >emb|CCG23189.1| hypothetical protein CORT_0D03470 [Candida orthopsilosis Co 90-125]</Hit_def>
  <Hit_accession>XP_003869325</Hit_accession>
  <Hit_len>1051</Hit_len>
  <Hit_hsps>
    <Hsp>
      <Hsp_num>1</Hsp_num>
      <Hsp_bit-score>82.0333</Hsp_bit-score>
      <Hsp_score>201</Hsp_score>
      <Hsp_evalue>4.61295e-12</Hsp_evalue>
      <Hsp_query-from>588</Hsp_query-from>
      <Hsp_query-to>686</Hsp_query-to>
      <Hsp_hit-from>950</Hsp_hit-from>
      <Hsp_hit-to>1048</Hsp_hit-to>
      <Hsp_query-frame>0</Hsp_query-frame>
      <Hsp_hit-frame>0</Hsp_hit-frame>
      <Hsp_identity>36</Hsp_identity>
      <Hsp_positive>63</Hsp_positive>
      <Hsp_gaps>0</Hsp_gaps>
      <Hsp_align-len>99</Hsp_align-len>
      <Hsp_qseq>IDWVPISLSSLAETLHNFEDTANYLKTVATSENDLHNDYDSELTNFISAMPENEEYMTIQEWVKYSASNCGKLVKETCNDIIRVYELDYFRALNVLESL</Hsp_qseq>
      <Hsp_hseq>LEWEAKSMQQFVQQMQDLDNSSKELKMLAGSKYDLHNDLDGDLTRFIAEMPEEEEQMTIEQWLEHCAINCKDIVAQSMKEMNQYILDEYDRAIKTLESL</Hsp_hseq>
      <Hsp_midline>++W   S+    + + + ++++  LK +A S+ DLHND D +LT FI+ MPE EE MTI++W+++ A NC  +V ++  ++ +    +Y RA+  LESL</Hsp_midline>
    </Hsp>
  </Hit_hsps>
</Hit>
<Hit>
  <Hit_num>31</Hit_num>
  <Hit_id>gb|OUM53677.1|</Hit_id>
  <Hit_def>hypothetical protein BVG19_g2981 [[Candida] boidinii] >gb|OWB51964.1| hypothetical protein B5S27_g3535 [[Candida] boidinii]</Hit_def>
  <Hit_accession>OUM53677</Hit_accession>
  <Hit_len>1480</Hit_len>
  <Hit_hsps>
    <Hsp>
      <Hsp_num>1</Hsp_num>
      <Hsp_bit-score>82.0333</Hsp_bit-score>
      <Hsp_score>201</Hsp_score>
      <Hsp_evalue>5.05345e-12</Hsp_evalue>
      <Hsp_query-from>590</Hsp_query-from>
      <Hsp_query-to>690</Hsp_query-to>
      <Hsp_hit-from>1377</Hsp_hit-from>
      <Hsp_hit-to>1478</Hsp_hit-to>
      <Hsp_query-frame>0</Hsp_query-frame>
      <Hsp_hit-frame>0</Hsp_hit-frame>
      <Hsp_identity>40</Hsp_identity>
      <Hsp_positive>61</Hsp_positive>
      <Hsp_gaps>1</Hsp_gaps>
      <Hsp_align-len>102</Hsp_align-len>
      <Hsp_qseq>WVPISLSSLAETLHNFEDTANYLKTVATSE-NDLHNDYDSELTNFISAMPENEEYMTIQEWVKYSASNCGKLVKETCNDIIRVYELDYFRALNVLESLPTED</Hsp_qseq>
      <Hsp_hseq>WESPNYEEVREQVGQLTVATQFFKEIANSEYNSLNDDLDGMLTNFISEMPKQELEMTIQEWIKHSAKQAGKIVEEKCENMINMLKIEQDKALDILNRLPVSD</Hsp_hseq>
      <Hsp_midline>W   +   + E +        + K +A SE N L++D D  LTNFIS MP+ E  MTIQEW+K+SA   GK+V+E C ++I + +++  +AL++L  LP  D</Hsp_midline>
    </Hsp>
  </Hit_hsps>
</Hit>
<Hit>
  <Hit_num>32</Hit_num>
  <Hit_id>gb|OWB55904.1|</Hit_id>
  <Hit_def>hypothetical protein B5S28_g1791 [[Candida] boidinii] >gb|OWB60502.1| hypothetical protein B5S29_g1376 [[Candida] boidinii]</Hit_def>
  <Hit_accession>OWB55904</Hit_accession>
  <Hit_len>1439</Hit_len>
  <Hit_hsps>
    <Hsp>
      <Hsp_num>1</Hsp_num>
      <Hsp_bit-score>81.2629</Hsp_bit-score>
      <Hsp_score>199</Hsp_score>
      <Hsp_evalue>8.5976e-12</Hsp_evalue>
      <Hsp_query-from>590</Hsp_query-from>
      <Hsp_query-to>690</Hsp_query-to>
      <Hsp_hit-from>1336</Hsp_hit-from>
      <Hsp_hit-to>1437</Hsp_hit-to>
      <Hsp_query-frame>0</Hsp_query-frame>
      <Hsp_hit-frame>0</Hsp_hit-frame>
      <Hsp_identity>40</Hsp_identity>
      <Hsp_positive>60</Hsp_positive>
      <Hsp_gaps>1</Hsp_gaps>
      <Hsp_align-len>102</Hsp_align-len>
      <Hsp_qseq>WVPISLSSLAETLHNFEDTANYLKTVATSE-NDLHNDYDSELTNFISAMPENEEYMTIQEWVKYSASNCGKLVKETCNDIIRVYELDYFRALNVLESLPTED</Hsp_qseq>
      <Hsp_hseq>WESPNYEEVSEQVGQLTVATQFFKEIANSEYNSLNDDLDGMLTNFISEMPKQELEMTIQEWIKYSAKQAGKIVEEKCENMINMLKIEQDKALEILNHLAVRD</Hsp_hseq>
      <Hsp_midline>W   +   ++E +        + K +A SE N L++D D  LTNFIS MP+ E  MTIQEW+KYSA   GK+V+E C ++I + +++  +AL +L  L   D</Hsp_midline>
    </Hsp>
  </Hit_hsps>
</Hit>
<Hit>
  <Hit_num>33</Hit_num>
  <Hit_id>gb|RLV95401.1|</Hit_id>
  <Hit_def>hypothetical protein JA1_000992 [Spathaspora sp. JA1]</Hit_def>
  <Hit_accession>RLV95401</Hit_accession>
  <Hit_len>1227</Hit_len>
  <Hit_hsps>
    <Hsp>
      <Hsp_num>1</Hsp_num>
      <Hsp_bit-score>80.8777</Hsp_bit-score>
      <Hsp_score>198</Hsp_score>
      <Hsp_evalue>1.04613e-11</Hsp_evalue>
      <Hsp_query-from>588</Hsp_query-from>
      <Hsp_query-to>690</Hsp_query-to>
      <Hsp_hit-from>1125</Hsp_hit-from>
      <Hsp_hit-to>1227</Hsp_hit-to>
      <Hsp_query-frame>0</Hsp_query-frame>
      <Hsp_hit-frame>0</Hsp_hit-frame>
      <Hsp_identity>33</Hsp_identity>
      <Hsp_positive>62</Hsp_positive>
      <Hsp_gaps>0</Hsp_gaps>
      <Hsp_align-len>103</Hsp_align-len>
      <Hsp_qseq>IDWVPISLSSLAETLHNFEDTANYLKTVATSENDLHNDYDSELTNFISAMPENEEYMTIQEWVKYSASNCGKLVKETCNDIIRVYELDYFRALNVLESLPTED</Hsp_qseq>
      <Hsp_hseq>LKWEPKPVTDILAKMSYLQSSAEEVKKLANLSHGLHDDVNGDLTRFIGEMPEEEEIMTIKEWIEHCATNCYDIILQNGEETRQFLKEEYLRAIAAIEALPTDD</Hsp_hseq>
      <Hsp_midline>+ W P  ++ +   +   + +A  +K +A   + LH+D + +LT FI  MPE EE MTI+EW+++ A+NC  ++ +   +  +  + +Y RA+  +E+LPT+D</Hsp_midline>
    </Hsp>
  </Hit_hsps>
</Hit>
<Hit>
  <Hit_num>34</Hit_num>
  <Hit_id>gb|KGU01297.1|</Hit_id>
  <Hit_def>hypothetical protein MEQ_05846 [Candida albicans P87] >gb|KGU22157.1| hypothetical protein MGM_05806 [Candida albicans P75063] >gb|KHC61535.1| hypothetical protein MGI_05827 [Candida albicans P75016]</Hit_def>
  <Hit_accession>KGU01297</Hit_accession>
  <Hit_len>1271</Hit_len>
  <Hit_hsps>
    <Hsp>
      <Hsp_num>1</Hsp_num>
      <Hsp_bit-score>80.4925</Hsp_bit-score>
      <Hsp_score>197</Hsp_score>
      <Hsp_evalue>1.65425e-11</Hsp_evalue>
      <Hsp_query-from>588</Hsp_query-from>
      <Hsp_query-to>690</Hsp_query-to>
      <Hsp_hit-from>1169</Hsp_hit-from>
      <Hsp_hit-to>1271</Hsp_hit-to>
      <Hsp_query-frame>0</Hsp_query-frame>
      <Hsp_hit-frame>0</Hsp_hit-frame>
      <Hsp_identity>43</Hsp_identity>
      <Hsp_positive>65</Hsp_positive>
      <Hsp_gaps>0</Hsp_gaps>
      <Hsp_align-len>103</Hsp_align-len>
      <Hsp_qseq>IDWVPISLSSLAETLHNFEDTANYLKTVATSENDLHNDYDSELTNFISAMPENEEYMTIQEWVKYSASNCGKLVKETCNDIIRVYELDYFRALNVLESLPTED</Hsp_qseq>
      <Hsp_hseq>LKWQSRSMSQFIEQTKFLESSANELKDLACSEYDLHDDVTGDLTKFIAEMPEEEEEMTIKQWIEHCAANCKDIVTQSCTEINDFILEEYDRAIKMIEEMPTED</Hsp_hseq>
      <Hsp_midline>+ W   S+S   E     E +AN LK +A SE DLH+D   +LT FI+ MPE EE MTI++W+++ A+NC  +V ++C +I      +Y RA+ ++E +PTED</Hsp_midline>
    </Hsp>
  </Hit_hsps>
</Hit>
<Hit>
  <Hit_num>35</Hit_num>
  <Hit_id>gb|KHC29287.1|</Hit_id>
  <Hit_def>hypothetical protein W5O_05905 [Candida albicans Ca6]</Hit_def>
  <Hit_accession>KHC29287</Hit_accession>
  <Hit_len>1266</Hit_len>
  <Hit_hsps>
    <Hsp>
      <Hsp_num>1</Hsp_num>
      <Hsp_bit-score>80.1073</Hsp_bit-score>
      <Hsp_score>196</Hsp_score>
      <Hsp_evalue>1.79986e-11</Hsp_evalue>
      <Hsp_query-from>588</Hsp_query-from>
      <Hsp_query-to>690</Hsp_query-to>
      <Hsp_hit-from>1164</Hsp_hit-from>
      <Hsp_hit-to>1266</Hsp_hit-to>
      <Hsp_query-frame>0</Hsp_query-frame>
      <Hsp_hit-frame>0</Hsp_hit-frame>
      <Hsp_identity>43</Hsp_identity>
      <Hsp_positive>65</Hsp_positive>
      <Hsp_gaps>0</Hsp_gaps>
      <Hsp_align-len>103</Hsp_align-len>
      <Hsp_qseq>IDWVPISLSSLAETLHNFEDTANYLKTVATSENDLHNDYDSELTNFISAMPENEEYMTIQEWVKYSASNCGKLVKETCNDIIRVYELDYFRALNVLESLPTED</Hsp_qseq>
      <Hsp_hseq>LKWQSRSMSQFIEQTKFLESSANELKDLACSEYDLHDDVTGDLTKFIAEMPEEEEEMTIKQWIEHCAANCKDIVTQSCTEINDFILEEYDRAIKMIEEMPTED</Hsp_hseq>
      <Hsp_midline>+ W   S+S   E     E +AN LK +A SE DLH+D   +LT FI+ MPE EE MTI++W+++ A+NC  +V ++C +I      +Y RA+ ++E +PTED</Hsp_midline>
    </Hsp>
  </Hit_hsps>
</Hit>
<Hit>
  <Hit_num>36</Hit_num>
  <Hit_id>gb|KGQ82516.1|</Hit_id>
  <Hit_def>hypothetical protein MG1_05897 [Candida albicans GC75]</Hit_def>
  <Hit_accession>KGQ82516</Hit_accession>
  <Hit_len>1266</Hit_len>
  <Hit_hsps>
    <Hsp>
      <Hsp_num>1</Hsp_num>
      <Hsp_bit-score>80.1073</Hsp_bit-score>
      <Hsp_score>196</Hsp_score>
      <Hsp_evalue>1.79986e-11</Hsp_evalue>
      <Hsp_query-from>588</Hsp_query-from>
      <Hsp_query-to>690</Hsp_query-to>
      <Hsp_hit-from>1164</Hsp_hit-from>
      <Hsp_hit-to>1266</Hsp_hit-to>
      <Hsp_query-frame>0</Hsp_query-frame>
      <Hsp_hit-frame>0</Hsp_hit-frame>
      <Hsp_identity>43</Hsp_identity>
      <Hsp_positive>65</Hsp_positive>
      <Hsp_gaps>0</Hsp_gaps>
      <Hsp_align-len>103</Hsp_align-len>
      <Hsp_qseq>IDWVPISLSSLAETLHNFEDTANYLKTVATSENDLHNDYDSELTNFISAMPENEEYMTIQEWVKYSASNCGKLVKETCNDIIRVYELDYFRALNVLESLPTED</Hsp_qseq>
      <Hsp_hseq>LKWQSRSMSQFIEQTKFLESSANELKDLACSEYDLHDDVTGDLTKFIAEMPEEEEEMTIKQWIEHCAANCKDIVTQSCTEINDFILEEYDRAIKMIEEMPTED</Hsp_hseq>
      <Hsp_midline>+ W   S+S   E     E +AN LK +A SE DLH+D   +LT FI+ MPE EE MTI++W+++ A+NC  +V ++C +I      +Y RA+ ++E +PTED</Hsp_midline>
    </Hsp>
  </Hit_hsps>
</Hit>
<Hit>
  <Hit_num>37</Hit_num>
  <Hit_id>gb|KHC28932.1|</Hit_id>
  <Hit_def>hypothetical protein MGO_05815 [Candida albicans P76055]</Hit_def>
  <Hit_accession>KHC28932</Hit_accession>
  <Hit_len>1278</Hit_len>
  <Hit_hsps>
    <Hsp>
      <Hsp_num>1</Hsp_num>
      <Hsp_bit-score>80.1073</Hsp_bit-score>
      <Hsp_score>196</Hsp_score>
      <Hsp_evalue>1.80567e-11</Hsp_evalue>
      <Hsp_query-from>588</Hsp_query-from>
      <Hsp_query-to>690</Hsp_query-to>
      <Hsp_hit-from>1176</Hsp_hit-from>
      <Hsp_hit-to>1278</Hsp_hit-to>
      <Hsp_query-frame>0</Hsp_query-frame>
      <Hsp_hit-frame>0</Hsp_hit-frame>
      <Hsp_identity>43</Hsp_identity>
      <Hsp_positive>65</Hsp_positive>
      <Hsp_gaps>0</Hsp_gaps>
      <Hsp_align-len>103</Hsp_align-len>
      <Hsp_qseq>IDWVPISLSSLAETLHNFEDTANYLKTVATSENDLHNDYDSELTNFISAMPENEEYMTIQEWVKYSASNCGKLVKETCNDIIRVYELDYFRALNVLESLPTED</Hsp_qseq>
      <Hsp_hseq>LKWQSRSMSQFIEQTKFLESSANELKDLACSEYDLHDDVTGDLTKFIAEMPEEEEEMTIKQWIEHCAANCKDIVTQSCTEINDFILEEYDRAIKMIEEMPTED</Hsp_hseq>
      <Hsp_midline>+ W   S+S   E     E +AN LK +A SE DLH+D   +LT FI+ MPE EE MTI++W+++ A+NC  +V ++C +I      +Y RA+ ++E +PTED</Hsp_midline>
    </Hsp>
  </Hit_hsps>
</Hit>
<Hit>
  <Hit_num>38</Hit_num>
  <Hit_id>gb|KHC45268.1|</Hit_id>
  <Hit_def>hypothetical protein MEW_05815 [Candida albicans P60002]</Hit_def>
  <Hit_accession>KHC45268</Hit_accession>
  <Hit_len>1270</Hit_len>
  <Hit_hsps>
    <Hsp>
      <Hsp_num>1</Hsp_num>
      <Hsp_bit-score>80.1073</Hsp_bit-score>
      <Hsp_score>196</Hsp_score>
      <Hsp_evalue>1.81732e-11</Hsp_evalue>
      <Hsp_query-from>588</Hsp_query-from>
      <Hsp_query-to>690</Hsp_query-to>
      <Hsp_hit-from>1168</Hsp_hit-from>
      <Hsp_hit-to>1270</Hsp_hit-to>
      <Hsp_query-frame>0</Hsp_query-frame>
      <Hsp_hit-frame>0</Hsp_hit-frame>
      <Hsp_identity>43</Hsp_identity>
      <Hsp_positive>65</Hsp_positive>
      <Hsp_gaps>0</Hsp_gaps>
      <Hsp_align-len>103</Hsp_align-len>
      <Hsp_qseq>IDWVPISLSSLAETLHNFEDTANYLKTVATSENDLHNDYDSELTNFISAMPENEEYMTIQEWVKYSASNCGKLVKETCNDIIRVYELDYFRALNVLESLPTED</Hsp_qseq>
      <Hsp_hseq>LKWQSRSMSQFIEQTKFLESSANELKDLACSEYDLHDDVTGDLTKFIAEMPEEEEEMTIKQWIEHCAANCKDIVTQSCTEINDFILEEYDRAIKMIEEMPTED</Hsp_hseq>
      <Hsp_midline>+ W   S+S   E     E +AN LK +A SE DLH+D   +LT FI+ MPE EE MTI++W+++ A+NC  +V ++C +I      +Y RA+ ++E +PTED</Hsp_midline>
    </Hsp>
  </Hit_hsps>
</Hit>
<Hit>
  <Hit_num>39</Hit_num>
  <Hit_id>gb|KGU02615.1|</Hit_id>
  <Hit_def>hypothetical protein MEY_05820 [Candida albicans 19F]</Hit_def>
  <Hit_accession>KGU02615</Hit_accession>
  <Hit_len>1278</Hit_len>
  <Hit_hsps>
    <Hsp>
      <Hsp_num>1</Hsp_num>
      <Hsp_bit-score>80.1073</Hsp_bit-score>
      <Hsp_score>196</Hsp_score>
      <Hsp_evalue>1.88473e-11</Hsp_evalue>
      <Hsp_query-from>588</Hsp_query-from>
      <Hsp_query-to>690</Hsp_query-to>
      <Hsp_hit-from>1176</Hsp_hit-from>
      <Hsp_hit-to>1278</Hsp_hit-to>
      <Hsp_query-frame>0</Hsp_query-frame>
      <Hsp_hit-frame>0</Hsp_hit-frame>
      <Hsp_identity>43</Hsp_identity>
      <Hsp_positive>65</Hsp_positive>
      <Hsp_gaps>0</Hsp_gaps>
      <Hsp_align-len>103</Hsp_align-len>
      <Hsp_qseq>IDWVPISLSSLAETLHNFEDTANYLKTVATSENDLHNDYDSELTNFISAMPENEEYMTIQEWVKYSASNCGKLVKETCNDIIRVYELDYFRALNVLESLPTED</Hsp_qseq>
      <Hsp_hseq>LKWQSRSMSQFIEQTKFLESSANELKDLACSEYDLHDDVTGDLTKFIAEMPEEEEEMTIKQWIEHCAANCKDIVTQSCTEINDFILEEYDRAIKMIEEMPTED</Hsp_hseq>
      <Hsp_midline>+ W   S+S   E     E +AN LK +A SE DLH+D   +LT FI+ MPE EE MTI++W+++ A+NC  +V ++C +I      +Y RA+ ++E +PTED</Hsp_midline>
    </Hsp>
  </Hit_hsps>
</Hit>
<Hit>
  <Hit_num>40</Hit_num>
  <Hit_id>gb|EEQ43602.1|</Hit_id>
  <Hit_def>conserved hypothetical protein [Candida albicans WO-1]</Hit_def>
  <Hit_accession>EEQ43602</Hit_accession>
  <Hit_len>1278</Hit_len>
  <Hit_hsps>
    <Hsp>
      <Hsp_num>1</Hsp_num>
      <Hsp_bit-score>80.1073</Hsp_bit-score>
      <Hsp_score>196</Hsp_score>
      <Hsp_evalue>1.88473e-11</Hsp_evalue>
      <Hsp_query-from>588</Hsp_query-from>
      <Hsp_query-to>690</Hsp_query-to>
      <Hsp_hit-from>1176</Hsp_hit-from>
      <Hsp_hit-to>1278</Hsp_hit-to>
      <Hsp_query-frame>0</Hsp_query-frame>
      <Hsp_hit-frame>0</Hsp_hit-frame>
      <Hsp_identity>43</Hsp_identity>
      <Hsp_positive>65</Hsp_positive>
      <Hsp_gaps>0</Hsp_gaps>
      <Hsp_align-len>103</Hsp_align-len>
      <Hsp_qseq>IDWVPISLSSLAETLHNFEDTANYLKTVATSENDLHNDYDSELTNFISAMPENEEYMTIQEWVKYSASNCGKLVKETCNDIIRVYELDYFRALNVLESLPTED</Hsp_qseq>
      <Hsp_hseq>LKWQSRSMSQFIEQTKFLESSANELKDLACSEYDLHDDVTGDLTKFIAEMPEEEEEMTIKQWIEHCAANCKDIVTQSCTEINDFILEEYDRAIKMIEEMPTED</Hsp_hseq>
      <Hsp_midline>+ W   S+S   E     E +AN LK +A SE DLH+D   +LT FI+ MPE EE MTI++W+++ A+NC  +V ++C +I      +Y RA+ ++E +PTED</Hsp_midline>
    </Hsp>
  </Hit_hsps>
</Hit>
<Hit>
  <Hit_num>41</Hit_num>
  <Hit_id>gb|KHC70392.1|</Hit_id>
  <Hit_def>hypothetical protein W5Q_05978 [Candida albicans SC5314]</Hit_def>
  <Hit_accession>KHC70392</Hit_accession>
  <Hit_len>1278</Hit_len>
  <Hit_hsps>
    <Hsp>
      <Hsp_num>1</Hsp_num>
      <Hsp_bit-score>80.1073</Hsp_bit-score>
      <Hsp_score>196</Hsp_score>
      <Hsp_evalue>1.90095e-11</Hsp_evalue>
      <Hsp_query-from>588</Hsp_query-from>
      <Hsp_query-to>690</Hsp_query-to>
      <Hsp_hit-from>1176</Hsp_hit-from>
      <Hsp_hit-to>1278</Hsp_hit-to>
      <Hsp_query-frame>0</Hsp_query-frame>
      <Hsp_hit-frame>0</Hsp_hit-frame>
      <Hsp_identity>43</Hsp_identity>
      <Hsp_positive>65</Hsp_positive>
      <Hsp_gaps>0</Hsp_gaps>
      <Hsp_align-len>103</Hsp_align-len>
      <Hsp_qseq>IDWVPISLSSLAETLHNFEDTANYLKTVATSENDLHNDYDSELTNFISAMPENEEYMTIQEWVKYSASNCGKLVKETCNDIIRVYELDYFRALNVLESLPTED</Hsp_qseq>
      <Hsp_hseq>LKWQSRSMSQFIEQTKFLESSANELKDLACSEYDLHDDVTGDLTKFIAEMPEEEEEMTIKQWIEHCAANCKDIVTQSCTEINDFILEEYDRAIKMIEEMPTED</Hsp_hseq>
      <Hsp_midline>+ W   S+S   E     E +AN LK +A SE DLH+D   +LT FI+ MPE EE MTI++W+++ A+NC  +V ++C +I      +Y RA+ ++E +PTED</Hsp_midline>
    </Hsp>
  </Hit_hsps>
</Hit>
<Hit>
  <Hit_num>42</Hit_num>
  <Hit_id>gb|KGR05994.1|</Hit_id>
  <Hit_def>hypothetical protein MG9_05882 [Candida albicans P37037]</Hit_def>
  <Hit_accession>KGR05994</Hit_accession>
  <Hit_len>1278</Hit_len>
  <Hit_hsps>
    <Hsp>
      <Hsp_num>1</Hsp_num>
      <Hsp_bit-score>80.1073</Hsp_bit-score>
      <Hsp_score>196</Hsp_score>
      <Hsp_evalue>1.90095e-11</Hsp_evalue>
      <Hsp_query-from>588</Hsp_query-from>
      <Hsp_query-to>690</Hsp_query-to>
      <Hsp_hit-from>1176</Hsp_hit-from>
      <Hsp_hit-to>1278</Hsp_hit-to>
      <Hsp_query-frame>0</Hsp_query-frame>
      <Hsp_hit-frame>0</Hsp_hit-frame>
      <Hsp_identity>43</Hsp_identity>
      <Hsp_positive>65</Hsp_positive>
      <Hsp_gaps>0</Hsp_gaps>
      <Hsp_align-len>103</Hsp_align-len>
      <Hsp_qseq>IDWVPISLSSLAETLHNFEDTANYLKTVATSENDLHNDYDSELTNFISAMPENEEYMTIQEWVKYSASNCGKLVKETCNDIIRVYELDYFRALNVLESLPTED</Hsp_qseq>
      <Hsp_hseq>LKWQSRSMSQFIEQTKFLESSANELKDLACSEYDLHDDVTGDLTKFIAEMPEEEEEMTIKQWIEHCAANCKDIVTQSCTEINDFILEEYDRAIKMIEEMPTED</Hsp_hseq>
      <Hsp_midline>+ W   S+S   E     E +AN LK +A SE DLH+D   +LT FI+ MPE EE MTI++W+++ A+NC  +V ++C +I      +Y RA+ ++E +PTED</Hsp_midline>
    </Hsp>
  </Hit_hsps>
</Hit>
<Hit>
  <Hit_num>43</Hit_num>
  <Hit_id>gb|KHC45407.1|</Hit_id>
  <Hit_def>hypothetical protein MGC_05851 [Candida albicans P37039]</Hit_def>
  <Hit_accession>KHC45407</Hit_accession>
  <Hit_len>1278</Hit_len>
  <Hit_hsps>
    <Hsp>
      <Hsp_num>1</Hsp_num>
      <Hsp_bit-score>80.1073</Hsp_bit-score>
      <Hsp_score>196</Hsp_score>
      <Hsp_evalue>1.91731e-11</Hsp_evalue>
      <Hsp_query-from>588</Hsp_query-from>
      <Hsp_query-to>690</Hsp_query-to>
      <Hsp_hit-from>1176</Hsp_hit-from>
      <Hsp_hit-to>1278</Hsp_hit-to>
      <Hsp_query-frame>0</Hsp_query-frame>
      <Hsp_hit-frame>0</Hsp_hit-frame>
      <Hsp_identity>43</Hsp_identity>
      <Hsp_positive>65</Hsp_positive>
      <Hsp_gaps>0</Hsp_gaps>
      <Hsp_align-len>103</Hsp_align-len>
      <Hsp_qseq>IDWVPISLSSLAETLHNFEDTANYLKTVATSENDLHNDYDSELTNFISAMPENEEYMTIQEWVKYSASNCGKLVKETCNDIIRVYELDYFRALNVLESLPTED</Hsp_qseq>
      <Hsp_hseq>LKWQSRSMSQFIEQTKFLESSANELKDLACSEYDLHDDVTGDLTKFIAEMPEEEEEMTIKQWIEHCAANCKDIVTQSCTEINDFILEEYDRAIKMIEEMPTED</Hsp_hseq>
      <Hsp_midline>+ W   S+S   E     E +AN LK +A SE DLH+D   +LT FI+ MPE EE MTI++W+++ A+NC  +V ++C +I      +Y RA+ ++E +PTED</Hsp_midline>
    </Hsp>
  </Hit_hsps>
</Hit>
<Hit>
  <Hit_num>44</Hit_num>
  <Hit_id>gb|KHC28332.1|</Hit_id>
  <Hit_def>hypothetical protein MGQ_05831 [Candida albicans P76067]</Hit_def>
  <Hit_accession>KHC28332</Hit_accession>
  <Hit_len>1278</Hit_len>
  <Hit_hsps>
    <Hsp>
      <Hsp_num>1</Hsp_num>
      <Hsp_bit-score>80.1073</Hsp_bit-score>
      <Hsp_score>196</Hsp_score>
      <Hsp_evalue>1.93382e-11</Hsp_evalue>
      <Hsp_query-from>588</Hsp_query-from>
      <Hsp_query-to>690</Hsp_query-to>
      <Hsp_hit-from>1176</Hsp_hit-from>
      <Hsp_hit-to>1278</Hsp_hit-to>
      <Hsp_query-frame>0</Hsp_query-frame>
      <Hsp_hit-frame>0</Hsp_hit-frame>
      <Hsp_identity>43</Hsp_identity>
      <Hsp_positive>65</Hsp_positive>
      <Hsp_gaps>0</Hsp_gaps>
      <Hsp_align-len>103</Hsp_align-len>
      <Hsp_qseq>IDWVPISLSSLAETLHNFEDTANYLKTVATSENDLHNDYDSELTNFISAMPENEEYMTIQEWVKYSASNCGKLVKETCNDIIRVYELDYFRALNVLESLPTED</Hsp_qseq>
      <Hsp_hseq>LKWQSRSMSQFIEQTKFLESSANELKDLACSEYDLHDDVTGDLTKFIAEMPEEEEEMTIKQWIEHCAANCKDIVTQSCTEINDFILEEYDRAIKMIEEMPTED</Hsp_hseq>
      <Hsp_midline>+ W   S+S   E     E +AN LK +A SE DLH+D   +LT FI+ MPE EE MTI++W+++ A+NC  +V ++C +I      +Y RA+ ++E +PTED</Hsp_midline>
    </Hsp>
  </Hit_hsps>
</Hit>
<Hit>
  <Hit_num>45</Hit_num>
  <Hit_id>ref|XP_711989.2|</Hit_id>
  <Hit_def>hypothetical protein CAALFM_CR05100WA [Candida albicans SC5314] >gb|AOW31239.1| hypothetical protein CAALFM_CR05100WA [Candida albicans SC5314]</Hit_def>
  <Hit_accession>XP_711989</Hit_accession>
  <Hit_len>1278</Hit_len>
  <Hit_hsps>
    <Hsp>
      <Hsp_num>1</Hsp_num>
      <Hsp_bit-score>80.1073</Hsp_bit-score>
      <Hsp_score>196</Hsp_score>
      <Hsp_evalue>1.93382e-11</Hsp_evalue>
      <Hsp_query-from>588</Hsp_query-from>
      <Hsp_query-to>690</Hsp_query-to>
      <Hsp_hit-from>1176</Hsp_hit-from>
      <Hsp_hit-to>1278</Hsp_hit-to>
      <Hsp_query-frame>0</Hsp_query-frame>
      <Hsp_hit-frame>0</Hsp_hit-frame>
      <Hsp_identity>43</Hsp_identity>
      <Hsp_positive>65</Hsp_positive>
      <Hsp_gaps>0</Hsp_gaps>
      <Hsp_align-len>103</Hsp_align-len>
      <Hsp_qseq>IDWVPISLSSLAETLHNFEDTANYLKTVATSENDLHNDYDSELTNFISAMPENEEYMTIQEWVKYSASNCGKLVKETCNDIIRVYELDYFRALNVLESLPTED</Hsp_qseq>
      <Hsp_hseq>LKWQSRSMSQFIEQTKFLESSANELKDLACSEYDLHDDVTGDLTKFIAEMPEEEEEMTIKQWIEHCAANCKDIVTQSCTEINDFILEEYDRAIKMIEEMPTED</Hsp_hseq>
      <Hsp_midline>+ W   S+S   E     E +AN LK +A SE DLH+D   +LT FI+ MPE EE MTI++W+++ A+NC  +V ++C +I      +Y RA+ ++E +PTED</Hsp_midline>
    </Hsp>
  </Hit_hsps>
</Hit>
<Hit>
  <Hit_num>46</Hit_num>
  <Hit_id>gb|KGR02244.1|</Hit_id>
  <Hit_def>hypothetical protein MG3_05893 [Candida albicans P78048]</Hit_def>
  <Hit_accession>KGR02244</Hit_accession>
  <Hit_len>1278</Hit_len>
  <Hit_hsps>
    <Hsp>
      <Hsp_num>1</Hsp_num>
      <Hsp_bit-score>80.1073</Hsp_bit-score>
      <Hsp_score>196</Hsp_score>
      <Hsp_evalue>1.95046e-11</Hsp_evalue>
      <Hsp_query-from>588</Hsp_query-from>
      <Hsp_query-to>690</Hsp_query-to>
      <Hsp_hit-from>1176</Hsp_hit-from>
      <Hsp_hit-to>1278</Hsp_hit-to>
      <Hsp_query-frame>0</Hsp_query-frame>
      <Hsp_hit-frame>0</Hsp_hit-frame>
      <Hsp_identity>43</Hsp_identity>
      <Hsp_positive>65</Hsp_positive>
      <Hsp_gaps>0</Hsp_gaps>
      <Hsp_align-len>103</Hsp_align-len>
      <Hsp_qseq>IDWVPISLSSLAETLHNFEDTANYLKTVATSENDLHNDYDSELTNFISAMPENEEYMTIQEWVKYSASNCGKLVKETCNDIIRVYELDYFRALNVLESLPTED</Hsp_qseq>
      <Hsp_hseq>LKWQSRSMSQFIEQTKFLESSANELKDLACSEYDLHDDVTGDLTKFIAEMPEEEEEMTIKQWIEHCAANCKDIVTQSCTEINDFILEEYDRAIKMIEEMPTED</Hsp_hseq>
      <Hsp_midline>+ W   S+S   E     E +AN LK +A SE DLH+D   +LT FI+ MPE EE MTI++W+++ A+NC  +V ++C +I      +Y RA+ ++E +PTED</Hsp_midline>
    </Hsp>
  </Hit_hsps>
</Hit>
<Hit>
  <Hit_num>47</Hit_num>
  <Hit_id>gb|KGT63746.1|</Hit_id>
  <Hit_def>hypothetical protein MEK_05865 [Candida albicans 12C] >gb|KGU02360.1| hypothetical protein MEM_05879 [Candida albicans L26]</Hit_def>
  <Hit_accession>KGT63746</Hit_accession>
  <Hit_len>1278</Hit_len>
  <Hit_hsps>
    <Hsp>
      <Hsp_num>1</Hsp_num>
      <Hsp_bit-score>80.1073</Hsp_bit-score>
      <Hsp_score>196</Hsp_score>
      <Hsp_evalue>2.00126e-11</Hsp_evalue>
      <Hsp_query-from>588</Hsp_query-from>
      <Hsp_query-to>690</Hsp_query-to>
      <Hsp_hit-from>1176</Hsp_hit-from>
      <Hsp_hit-to>1278</Hsp_hit-to>
      <Hsp_query-frame>0</Hsp_query-frame>
      <Hsp_hit-frame>0</Hsp_hit-frame>
      <Hsp_identity>43</Hsp_identity>
      <Hsp_positive>65</Hsp_positive>
      <Hsp_gaps>0</Hsp_gaps>
      <Hsp_align-len>103</Hsp_align-len>
      <Hsp_qseq>IDWVPISLSSLAETLHNFEDTANYLKTVATSENDLHNDYDSELTNFISAMPENEEYMTIQEWVKYSASNCGKLVKETCNDIIRVYELDYFRALNVLESLPTED</Hsp_qseq>
      <Hsp_hseq>LKWQSRSMSQFIEQTKFLESSANELKDLACSEYDLHDDVTGDLTKFIAEMPEEEEEMTIKQWIEHCAANCKDIVTQSCTEINDFILEEYDRAIKMIEEMPTED</Hsp_hseq>
      <Hsp_midline>+ W   S+S   E     E +AN LK +A SE DLH+D   +LT FI+ MPE EE MTI++W+++ A+NC  +V ++C +I      +Y RA+ ++E +PTED</Hsp_midline>
    </Hsp>
  </Hit_hsps>
</Hit>
<Hit>
  <Hit_num>48</Hit_num>
  <Hit_id>gb|KGR01981.1|</Hit_id>
  <Hit_def>hypothetical protein MG5_05842 [Candida albicans P57072]</Hit_def>
  <Hit_accession>KGR01981</Hit_accession>
  <Hit_len>1278</Hit_len>
  <Hit_hsps>
    <Hsp>
      <Hsp_num>1</Hsp_num>
      <Hsp_bit-score>80.1073</Hsp_bit-score>
      <Hsp_score>196</Hsp_score>
      <Hsp_evalue>2.05338e-11</Hsp_evalue>
      <Hsp_query-from>588</Hsp_query-from>
      <Hsp_query-to>690</Hsp_query-to>
      <Hsp_hit-from>1176</Hsp_hit-from>
      <Hsp_hit-to>1278</Hsp_hit-to>
      <Hsp_query-frame>0</Hsp_query-frame>
      <Hsp_hit-frame>0</Hsp_hit-frame>
      <Hsp_identity>43</Hsp_identity>
      <Hsp_positive>65</Hsp_positive>
      <Hsp_gaps>0</Hsp_gaps>
      <Hsp_align-len>103</Hsp_align-len>
      <Hsp_qseq>IDWVPISLSSLAETLHNFEDTANYLKTVATSENDLHNDYDSELTNFISAMPENEEYMTIQEWVKYSASNCGKLVKETCNDIIRVYELDYFRALNVLESLPTED</Hsp_qseq>
      <Hsp_hseq>LKWQSRSMSQFIEQTKFLESSANELKDLACSEYDLHDDVTGDLTKFIAEMPEEEEEMTIKQWIEHCAANCKDIVTQSCTEINDFILEEYDRAIKMIEEMPTED</Hsp_hseq>
      <Hsp_midline>+ W   S+S   E     E +AN LK +A SE DLH+D   +LT FI+ MPE EE MTI++W+++ A+NC  +V ++C +I      +Y RA+ ++E +PTED</Hsp_midline>
    </Hsp>
  </Hit_hsps>
</Hit>
<Hit>
  <Hit_num>49</Hit_num>
  <Hit_id>gb|KGQ83110.1|</Hit_id>
  <Hit_def>hypothetical protein MEU_05864 [Candida albicans P37005]</Hit_def>
  <Hit_accession>KGQ83110</Hit_accession>
  <Hit_len>1278</Hit_len>
  <Hit_hsps>
    <Hsp>
      <Hsp_num>1</Hsp_num>
      <Hsp_bit-score>80.1073</Hsp_bit-score>
      <Hsp_score>196</Hsp_score>
      <Hsp_evalue>2.08888e-11</Hsp_evalue>
      <Hsp_query-from>588</Hsp_query-from>
      <Hsp_query-to>690</Hsp_query-to>
      <Hsp_hit-from>1176</Hsp_hit-from>
      <Hsp_hit-to>1278</Hsp_hit-to>
      <Hsp_query-frame>0</Hsp_query-frame>
      <Hsp_hit-frame>0</Hsp_hit-frame>
      <Hsp_identity>43</Hsp_identity>
      <Hsp_positive>65</Hsp_positive>
      <Hsp_gaps>0</Hsp_gaps>
      <Hsp_align-len>103</Hsp_align-len>
      <Hsp_qseq>IDWVPISLSSLAETLHNFEDTANYLKTVATSENDLHNDYDSELTNFISAMPENEEYMTIQEWVKYSASNCGKLVKETCNDIIRVYELDYFRALNVLESLPTED</Hsp_qseq>
      <Hsp_hseq>LKWQSRSMSQFIEQTKFLESSANELKDLACSEYDLHDDVTGDLTKFIAEMPEEEEEMTIKQWIEHCAANCKDIVTQSCTEINDFILEEYDRAIKMIEEMPTED</Hsp_hseq>
      <Hsp_midline>+ W   S+S   E     E +AN LK +A SE DLH+D   +LT FI+ MPE EE MTI++W+++ A+NC  +V ++C +I      +Y RA+ ++E +PTED</Hsp_midline>
    </Hsp>
  </Hit_hsps>
</Hit>
<Hit>
  <Hit_num>50</Hit_num>
  <Hit_id>gb|KHC77846.1|</Hit_id>
  <Hit_def>hypothetical protein I503_05934 [Candida albicans SC5314]</Hit_def>
  <Hit_accession>KHC77846</Hit_accession>
  <Hit_len>1278</Hit_len>
  <Hit_hsps>
    <Hsp>
      <Hsp_num>1</Hsp_num>
      <Hsp_bit-score>80.1073</Hsp_bit-score>
      <Hsp_score>196</Hsp_score>
      <Hsp_evalue>2.08888e-11</Hsp_evalue>
      <Hsp_query-from>588</Hsp_query-from>
      <Hsp_query-to>690</Hsp_query-to>
      <Hsp_hit-from>1176</Hsp_hit-from>
      <Hsp_hit-to>1278</Hsp_hit-to>
      <Hsp_query-frame>0</Hsp_query-frame>
      <Hsp_hit-frame>0</Hsp_hit-frame>
      <Hsp_identity>43</Hsp_identity>
      <Hsp_positive>65</Hsp_positive>
      <Hsp_gaps>0</Hsp_gaps>
      <Hsp_align-len>103</Hsp_align-len>
      <Hsp_qseq>IDWVPISLSSLAETLHNFEDTANYLKTVATSENDLHNDYDSELTNFISAMPENEEYMTIQEWVKYSASNCGKLVKETCNDIIRVYELDYFRALNVLESLPTED</Hsp_qseq>
      <Hsp_hseq>LKWQSRSMSQFIEQTKFLESSANELKDLACSEYDLHDDVTGDLTKFIAEMPEEEEEMTIKQWIEHCAANCKDIVTQSCTEINDFILEEYDRAIKMIEEMPTED</Hsp_hseq>
      <Hsp_midline>+ W   S+S   E     E +AN LK +A SE DLH+D   +LT FI+ MPE EE MTI++W+++ A+NC  +V ++C +I      +Y RA+ ++E +PTED</Hsp_midline>
    </Hsp>
  </Hit_hsps>
</Hit>
</Iteration_hits>
  <Iteration_stat>
    <Statistics>
      <Statistics_db-num>269762677</Statistics_db-num>
      <Statistics_db-len>97036454992</Statistics_db-len>
      <Statistics_hsp-len>0</Statistics_hsp-len>
      <Statistics_eff-space>0</Statistics_eff-space>
      <Statistics_kappa>0.041</Statistics_kappa>
      <Statistics_lambda>0.267</Statistics_lambda>
      <Statistics_entropy>0.14</Statistics_entropy>
    </Statistics>
  </Iteration_stat>
</Iteration>
</BlastOutput_iterations>
</BlastOutput>
